Archive member included to satisfy reference by file (symbol)

E:/Programme/STI/STM32CubeCLT/STM32CubeCLT_1.20.0/GNU-tools-for-STM32/bin/../lib/gcc/arm-none-eabi/13.3.1/thumb/v7e-m+fp/hard\libgcc.a(_aeabi_uldivmod.o)
                              CMakeFiles/Studienarbeit_Kommunikation.dir/Drivers/STM32G4xx_HAL_Driver/Src/stm32g4xx_hal_uart.c.obj (__aeabi_uldivmod)
E:/Programme/STI/STM32CubeCLT/STM32CubeCLT_1.20.0/GNU-tools-for-STM32/bin/../lib/gcc/arm-none-eabi/13.3.1/thumb/v7e-m+fp/hard\libgcc.a(_udivmoddi4.o)
                              E:/Programme/STI/STM32CubeCLT/STM32CubeCLT_1.20.0/GNU-tools-for-STM32/bin/../lib/gcc/arm-none-eabi/13.3.1/thumb/v7e-m+fp/hard\libgcc.a(_aeabi_uldivmod.o) (__udivmoddi4)
E:/Programme/STI/STM32CubeCLT/STM32CubeCLT_1.20.0/GNU-tools-for-STM32/bin/../lib/gcc/arm-none-eabi/13.3.1/thumb/v7e-m+fp/hard\libgcc.a(_dvmd_tls.o)
                              E:/Programme/STI/STM32CubeCLT/STM32CubeCLT_1.20.0/GNU-tools-for-STM32/bin/../lib/gcc/arm-none-eabi/13.3.1/thumb/v7e-m+fp/hard\libgcc.a(_aeabi_uldivmod.o) (__aeabi_ldiv0)
E:/Programme/STI/STM32CubeCLT/STM32CubeCLT_1.20.0/GNU-tools-for-STM32/bin/../lib/gcc/arm-none-eabi/13.3.1/../../../../arm-none-eabi/lib/thumb/v7e-m+fp/hard\libg_nano.a(libc_a-exit.o)
                              E:/Programme/STI/STM32CubeCLT/STM32CubeCLT_1.20.0/GNU-tools-for-STM32/bin/../lib/gcc/arm-none-eabi/13.3.1/../../../../arm-none-eabi/lib/thumb/v7e-m+fp/hard/crt0.o (exit)
E:/Programme/STI/STM32CubeCLT/STM32CubeCLT_1.20.0/GNU-tools-for-STM32/bin/../lib/gcc/arm-none-eabi/13.3.1/../../../../arm-none-eabi/lib/thumb/v7e-m+fp/hard\libg_nano.a(libc_a-findfp.o)
                              E:/Programme/STI/STM32CubeCLT/STM32CubeCLT_1.20.0/GNU-tools-for-STM32/bin/../lib/gcc/arm-none-eabi/13.3.1/../../../../arm-none-eabi/lib/thumb/v7e-m+fp/hard\libg_nano.a(libc_a-exit.o) (__stdio_exit_handler)
E:/Programme/STI/STM32CubeCLT/STM32CubeCLT_1.20.0/GNU-tools-for-STM32/bin/../lib/gcc/arm-none-eabi/13.3.1/../../../../arm-none-eabi/lib/thumb/v7e-m+fp/hard\libg_nano.a(libc_a-fwalk.o)
                              E:/Programme/STI/STM32CubeCLT/STM32CubeCLT_1.20.0/GNU-tools-for-STM32/bin/../lib/gcc/arm-none-eabi/13.3.1/../../../../arm-none-eabi/lib/thumb/v7e-m+fp/hard\libg_nano.a(libc_a-findfp.o) (_fwalk_sglue)
E:/Programme/STI/STM32CubeCLT/STM32CubeCLT_1.20.0/GNU-tools-for-STM32/bin/../lib/gcc/arm-none-eabi/13.3.1/../../../../arm-none-eabi/lib/thumb/v7e-m+fp/hard\libg_nano.a(libc_a-snprintf.o)
                              CMakeFiles/Studienarbeit_Kommunikation.dir/Drivers/Arbiter/system_arbiter.c.obj (snprintf)
E:/Programme/STI/STM32CubeCLT/STM32CubeCLT_1.20.0/GNU-tools-for-STM32/bin/../lib/gcc/arm-none-eabi/13.3.1/../../../../arm-none-eabi/lib/thumb/v7e-m+fp/hard\libg_nano.a(libc_a-stdio.o)
                              E:/Programme/STI/STM32CubeCLT/STM32CubeCLT_1.20.0/GNU-tools-for-STM32/bin/../lib/gcc/arm-none-eabi/13.3.1/../../../../arm-none-eabi/lib/thumb/v7e-m+fp/hard\libg_nano.a(libc_a-findfp.o) (__sread)
E:/Programme/STI/STM32CubeCLT/STM32CubeCLT_1.20.0/GNU-tools-for-STM32/bin/../lib/gcc/arm-none-eabi/13.3.1/../../../../arm-none-eabi/lib/thumb/v7e-m+fp/hard\libg_nano.a(libc_a-memset.o)
                              E:/Programme/STI/STM32CubeCLT/STM32CubeCLT_1.20.0/GNU-tools-for-STM32/bin/../lib/gcc/arm-none-eabi/13.3.1/../../../../arm-none-eabi/lib/thumb/v7e-m+fp/hard/crt0.o (memset)
E:/Programme/STI/STM32CubeCLT/STM32CubeCLT_1.20.0/GNU-tools-for-STM32/bin/../lib/gcc/arm-none-eabi/13.3.1/../../../../arm-none-eabi/lib/thumb/v7e-m+fp/hard\libg_nano.a(libc_a-closer.o)
                              E:/Programme/STI/STM32CubeCLT/STM32CubeCLT_1.20.0/GNU-tools-for-STM32/bin/../lib/gcc/arm-none-eabi/13.3.1/../../../../arm-none-eabi/lib/thumb/v7e-m+fp/hard\libg_nano.a(libc_a-stdio.o) (_close_r)
E:/Programme/STI/STM32CubeCLT/STM32CubeCLT_1.20.0/GNU-tools-for-STM32/bin/../lib/gcc/arm-none-eabi/13.3.1/../../../../arm-none-eabi/lib/thumb/v7e-m+fp/hard\libg_nano.a(libc_a-reent.o)
                              E:/Programme/STI/STM32CubeCLT/STM32CubeCLT_1.20.0/GNU-tools-for-STM32/bin/../lib/gcc/arm-none-eabi/13.3.1/../../../../arm-none-eabi/lib/thumb/v7e-m+fp/hard\libg_nano.a(libc_a-closer.o) (errno)
E:/Programme/STI/STM32CubeCLT/STM32CubeCLT_1.20.0/GNU-tools-for-STM32/bin/../lib/gcc/arm-none-eabi/13.3.1/../../../../arm-none-eabi/lib/thumb/v7e-m+fp/hard\libg_nano.a(libc_a-impure.o)
                              E:/Programme/STI/STM32CubeCLT/STM32CubeCLT_1.20.0/GNU-tools-for-STM32/bin/../lib/gcc/arm-none-eabi/13.3.1/../../../../arm-none-eabi/lib/thumb/v7e-m+fp/hard\libg_nano.a(libc_a-snprintf.o) (_impure_ptr)
E:/Programme/STI/STM32CubeCLT/STM32CubeCLT_1.20.0/GNU-tools-for-STM32/bin/../lib/gcc/arm-none-eabi/13.3.1/../../../../arm-none-eabi/lib/thumb/v7e-m+fp/hard\libg_nano.a(libc_a-lseekr.o)
[...]
Memory Configuration

Name             Origin             Length             Attributes
RAM              0x20000000         0x00020000         xrw
FLASH            0x08000000         0x00080000         xr
*default*        0x00000000         0xffffffff

Linker script and memory map

LOAD E:/Programme/STI/STM32CubeCLT/STM32CubeCLT_1.20.0/GNU-tools-for-STM32/bin/../lib/gcc/arm-none-eabi/13.3.1/thumb/v7e-m+fp/hard/crti.o
LOAD E:/Programme/STI/STM32CubeCLT/STM32CubeCLT_1.20.0/GNU-tools-for-STM32/bin/../lib/gcc/arm-none-eabi/13.3.1/thumb/v7e-m+fp/hard/crtbegin.o
LOAD E:/Programme/STI/STM32CubeCLT/STM32CubeCLT_1.20.0/GNU-tools-for-STM32/bin/../lib/gcc/arm-none-eabi/13.3.1/../../../../arm-none-eabi/lib/thumb/v7e-m+fp/hard/crt0.o
LOAD CMakeFiles/Studienarbeit_Kommunikation.dir/Core/Src/main_master.c.obj
LOAD CMakeFiles/Studienarbeit_Kommunikation.dir/Core/Src/gpio.c.obj
LOAD CMakeFiles/Studienarbeit_Kommunikation.dir/Core/Src/i2c.c.obj
LOAD CMakeFiles/Studienarbeit_Kommunikation.dir/Core/Src/usart.c.obj
LOAD CMakeFiles/Studienarbeit_Kommunikation.dir/Core/Src/stm32g4xx_it.c.obj
LOAD CMakeFiles/Studienarbeit_Kommunikation.dir/Core/Src/stm32g4xx_hal_msp.c.obj
LOAD CMakeFiles/Studienarbeit_Kommunikation.dir/Core/Src/sysmem.c.obj
LOAD CMakeFiles/Studienarbeit_Kommunikation.dir/Core/Src/syscalls.c.obj
LOAD CMakeFiles/Studienarbeit_Kommunikation.dir/Core/Src/system_stm32g4xx.c.obj
LOAD CMakeFiles/Studienarbeit_Kommunikation.dir/Drivers/STM32G4xx_HAL_Driver/Src/stm32g4xx_hal_i2c.c.obj
LOAD CMakeFiles/Studienarbeit_Kommunikation.dir/Drivers/STM32G4xx_HAL_Driver/Src/stm32g4xx_hal_i2c_ex.c.obj
LOAD CMakeFiles/Studienarbeit_Kommunikation.dir/Drivers/STM32G4xx_HAL_Driver/Src/stm32g4xx_hal.c.obj
LOAD CMakeFiles/Studienarbeit_Kommunikation.dir/Drivers/STM32G4xx_HAL_Driver/Src/stm32g4xx_hal_rcc.c.obj
LOAD CMakeFiles/Studienarbeit_Kommunikation.dir/Drivers/STM32G4xx_HAL_Driver/Src/stm32g4xx_hal_rcc_ex.c.obj
LOAD CMakeFiles/Studienarbeit_Kommunikation.dir/Drivers/STM32G4xx_HAL_Driver/Src/stm32g4xx_hal_flash.c.obj
LOAD CMakeFiles/Studienarbeit_Kommunikation.dir/Drivers/STM32G4xx_HAL_Driver/Src/stm32g4xx_hal_flash_ex.c.obj
LOAD CMakeFiles/Studienarbeit_Kommunikation.dir/Drivers/STM32G4xx_HAL_Driver/Src/stm32g4xx_hal_flash_ramfunc.c.obj
LOAD CMakeFiles/Studienarbeit_Kommunikation.dir/Drivers/STM32G4xx_HAL_Driver/Src/stm32g4xx_hal_gpio.c.obj
LOAD CMakeFiles/Studienarbeit_Kommunikation.dir/Drivers/STM32G4xx_HAL_Driver/Src/stm32g4xx_hal_exti.c.obj
LOAD CMakeFiles/Studienarbeit_Kommunikation.dir/Drivers/STM32G4xx_HAL_Driver/Src/stm32g4xx_hal_dma.c.obj
LOAD CMakeFiles/Studienarbeit_Kommunikation.dir/Drivers/STM32G4xx_HAL_Driver/Src/stm32g4xx_hal_dma_ex.c.obj
LOAD CMakeFiles/Studienarbeit_Kommunikation.dir/Drivers/STM32G4xx_HAL_Driver/Src/stm32g4xx_hal_pwr.c.obj
LOAD CMakeFiles/Studienarbeit_Kommunikation.dir/Drivers/STM32G4xx_HAL_Driver/Src/stm32g4xx_hal_pwr_ex.c.obj
LOAD CMakeFiles/Studienarbeit_Kommunikation.dir/Drivers/STM32G4xx_HAL_Driver/Src/stm32g4xx_hal_cortex.c.obj
LOAD CMakeFiles/Studienarbeit_Kommunikation.dir/Drivers/STM32G4xx_HAL_Driver/Src/stm32g4xx_hal_uart.c.obj
LOAD CMakeFiles/Studienarbeit_Kommunikation.dir/Drivers/STM32G4xx_HAL_Driver/Src/stm32g4xx_hal_uart_ex.c.obj
LOAD CMakeFiles/Studienarbeit_Kommunikation.dir/Drivers/STM32G4xx_HAL_Driver/Src/stm32g4xx_hal_pcd.c.obj
LOAD CMakeFiles/Studienarbeit_Kommunikation.dir/Drivers/STM32G4xx_HAL_Driver/Src/stm32g4xx_hal_pcd_ex.c.obj
LOAD CMakeFiles/Studienarbeit_Kommunikation.dir/Drivers/STM32G4xx_HAL_Driver/Src/stm32g4xx_ll_usb.c.obj
LOAD CMakeFiles/Studienarbeit_Kommunikation.dir/USB_Device/App/usb_device.c.obj
LOAD CMakeFiles/Studienarbeit_Kommunikation.dir/USB_Device/App/usbd_cdc_if.c.obj
LOAD CMakeFiles/Studienarbeit_Kommunikation.dir/USB_Device/App/usbd_desc.c.obj
LOAD CMakeFiles/Studienarbeit_Kommunikation.dir/USB_Device/Target/usbd_conf.c.obj
LOAD CMakeFiles/Studienarbeit_Kommunikation.dir/Middlewares/ST/STM32_USB_Device_Library/Core/Src/usbd_core.c.obj
LOAD CMakeFiles/Studienarbeit_Kommunikation.dir/Middlewares/ST/STM32_USB_Device_Library/Core/Src/usbd_ctlreq.c.obj
LOAD CMakeFiles/Studienarbeit_Kommunikation.dir/Middlewares/ST/STM32_USB_Device_Library/Core/Src/usbd_ioreq.c.obj
LOAD CMakeFiles/Studienarbeit_Kommunikation.dir/Middlewares/ST/STM32_USB_Device_Library/Class/CDC/Src/usbd_cdc.c.obj
LOAD CMakeFiles/Studienarbeit_Kommunikation.dir/startup_stm32g474xx.s.obj
LOAD CMakeFiles/Studienarbeit_Kommunikation.dir/Core/Src/tim.c.obj
LOAD CMakeFiles/Studienarbeit_Kommunikation.dir/Drivers/STM32G4xx_HAL_Driver/Src/stm32g4xx_hal_tim.c.obj
LOAD CMakeFiles/Studienarbeit_Kommunikation.dir/Drivers/STM32G4xx_HAL_Driver/Src/stm32g4xx_hal_tim_ex.c.obj
LOAD CMakeFiles/Studienarbeit_Kommunikation.dir/Drivers/Modbus/modbus_rtu.c.obj
LOAD CMakeFiles/Studienarbeit_Kommunikation.dir/Drivers/Arbiter/system_arbiter.c.obj
START GROUP
LOAD E:/Programme/STI/STM32CubeCLT/STM32CubeCLT_1.20.0/GNU-tools-for-STM32/bin/../lib/gcc/arm-none-eabi/13.3.1/thumb/v7e-m+fp/hard\libgcc.a
LOAD E:/Programme/STI/STM32CubeCLT/STM32CubeCLT_1.20.0/GNU-tools-for-STM32/bin/../lib/gcc/arm-none-eabi/13.3.1/../../../../arm-none-eabi/lib/thumb/v7e-m+fp/hard\libg_nano.a
LOAD E:/Programme/STI/STM32CubeCLT/STM32CubeCLT_1.20.0/GNU-tools-for-STM32/bin/../lib/gcc/arm-none-eabi/13.3.1/../../../../arm-none-eabi/lib/thumb/v7e-m+fp/hard\libc_nano.a
END GROUP
START GROUP
LOAD E:/Programme/STI/STM32CubeCLT/STM32CubeCLT_1.20.0/GNU-tools-for-STM32/bin/../lib/gcc/arm-none-eabi/13.3.1/thumb/v7e-m+fp/hard\libgcc.a
LOAD E:/Programme/STI/STM32CubeCLT/STM32CubeCLT_1.20.0/GNU-tools-for-STM32/bin/../lib/gcc/arm-none-eabi/13.3.1/../../../../arm-none-eabi/lib/thumb/v7e-m+fp/hard\libc_nano.a
END GROUP
LOAD E:/Programme/STI/STM32CubeCLT/STM32CubeCLT_1.20.0/GNU-tools-for-STM32/bin/../lib/gcc/arm-none-eabi/13.3.1/thumb/v7e-m+fp/hard/crtend.o
LOAD E:/Programme/STI/STM32CubeCLT/STM32CubeCLT_1.20.0/GNU-tools-for-STM32/bin/../lib/gcc/arm-none-eabi/13.3.1/thumb/v7e-m+fp/hard/crtn.o
                0x20020000                        _estack = (ORIGIN (RAM) + LENGTH (RAM))
                0x00000200                        _Min_Heap_Size = 0x200
                0x00000400                        _Min_Stack_Size = 0x400

.isr_vector     0x08000000      0x1d8
                0x08000000                        . = ALIGN (0x4)
 *(.isr_vector)
 .isr_vector    0x08000000      0x1d8 CMakeFiles/Studienarbeit_Kommunikation.dir/startup_stm32g474xx.s.obj
                0x08000000                g_pfnVectors
                0x080001d8                        . = ALIGN (0x4)

.text           0x080001e0     0xc67c
                0x080001e0                        . = ALIGN (0x4)
 *(.text)
 .text          0x080001e0       0x40 E:/Programme/STI/STM32CubeCLT/STM32CubeCLT_1.20.0/GNU-tools-for-STM32/bin/../lib/gcc/arm-none-eabi/13.3.1/thumb/v7e-m+fp/hard/crtbegin.o
 .text          0x08000220       0x30 E:/Programme/STI/STM32CubeCLT/STM32CubeCLT_1.20.0/GNU-tools-for-STM32/bin/../lib/gcc/arm-none-eabi/13.3.1/thumb/v7e-m+fp/hard\libgcc.a(_aeabi_uldivmod.o)
                0x08000220                __aeabi_uldivmod
 .text          0x08000250      0x2f8 E:/Programme/STI/STM32CubeCLT/STM32CubeCLT_1.20.0/GNU-tools-for-STM32/bin/../lib/gcc/arm-none-eabi/13.3.1/thumb/v7e-m+fp/hard\libgcc.a(_udivmoddi4.o)
                0x08000250                __udivmoddi4
 .text          0x08000548        0x4 E:/Programme/STI/STM32CubeCLT/STM32CubeCLT_1.20.0/GNU-tools-for-STM32/bin/../lib/gcc/arm-none-eabi/13.3.1/thumb/v7e-m+fp/hard\libgcc.a(_dvmd_tls.o)
                0x08000548                __aeabi_idiv0
                0x08000548                __aeabi_ldiv0
 .text          0x0800054c       0x10 E:/Programme/STI/STM32CubeCLT/STM32CubeCLT_1.20.0/GNU-tools-for-STM32/bin/../lib/gcc/arm-none-eabi/13.3.1/../../../../arm-none-eabi/lib/thumb/v7e-m+fp/hard\libg_nano.a(libc_a-strlen.o)
                0x0800054c                strlen
 *fill*         0x0800055c        0x4 
 .text          0x08000560       0xa0 E:/Programme/STI/STM32CubeCLT/STM32CubeCLT_1.20.0/GNU-tools-for-STM32/bin/../lib/gcc/arm-none-eabi/13.3.1/../../../../arm-none-eabi/lib/thumb/v7e-m+fp/hard\libg_nano.a(libc_a-memchr.o)
                0x08000560                memchr
 *(.text*)
 .text.main     0x08000600      0x1fc CMakeFiles/Studienarbeit_Kommunikation.dir/Core/Src/main_master.c.obj
                0x08000600                main
 .text.SystemClock_Config
                0x080007fc       0x98 CMakeFiles/Studienarbeit_Kommunikation.dir/Core/Src/main_master.c.obj
                0x080007fc                SystemClock_Config
 .text.Error_Handler
                0x08000894        0xc CMakeFiles/Studienarbeit_Kommunikation.dir/Core/Src/main_master.c.obj
                0x08000894                Error_Handler
 .text.MX_GPIO_Init
                0x080008a0       0xf4 CMakeFiles/Studienarbeit_Kommunikation.dir/Core/Src/gpio.c.obj
                0x080008a0                MX_GPIO_Init
 .text.MX_I2C2_Init
                0x08000994       0x80 CMakeFiles/Studienarbeit_Kommunikation.dir/Core/Src/i2c.c.obj
                0x08000994                MX_I2C2_Init
 .text.HAL_I2C_MspInit
                0x08000a14       0xb0 CMakeFiles/Studienarbeit_Kommunikation.dir/Core/Src/i2c.c.obj
                0x08000a14                HAL_I2C_MspInit
 .text.MX_USART2_UART_Init
                0x08000ac4       0xa0 CMakeFiles/Studienarbeit_Kommunikation.dir/Core/Src/usart.c.obj
                0x08000ac4                MX_USART2_UART_Init
 .text.HAL_UART_MspInit
                0x08000b64       0xb0 CMakeFiles/Studienarbeit_Kommunikation.dir/Core/Src/usart.c.obj
                0x08000b64                HAL_UART_MspInit
 .text.NMI_Handler
                0x08000c14        0x8 CMakeFiles/Studienarbeit_Kommunikation.dir/Core/Src/stm32g4xx_it.c.obj
                0x08000c14                NMI_Handler
 .text.HardFault_Handler
                0x08000c1c        0x8 CMakeFiles/Studienarbeit_Kommunikation.dir/Core/Src/stm32g4xx_it.c.obj
                0x08000c1c                HardFault_Handler
 .text.MemManage_Handler
                0x08000c24        0x8 CMakeFiles/Studienarbeit_Kommunikation.dir/Core/Src/stm32g4xx_it.c.obj
                0x08000c24                MemManage_Handler
 .text.BusFault_Handler
                0x08000c2c        0x8 CMakeFiles/Studienarbeit_Kommunikation.dir/Core/Src/stm32g4xx_it.c.obj
                0x08000c2c                BusFault_Handler
 .text.UsageFault_Handler
                0x08000c34        0x8 CMakeFiles/Studienarbeit_Kommunikation.dir/Core/Src/stm32g4xx_it.c.obj
                0x08000c34                UsageFault_Handler
 .text.SVC_Handler
                0x08000c3c        0xe CMakeFiles/Studienarbeit_Kommunikation.dir/Core/Src/stm32g4xx_it.c.obj
                0x08000c3c                SVC_Handler
 .text.DebugMon_Handler
                0x08000c4a        0xe CMakeFiles/Studienarbeit_Kommunikation.dir/Core/Src/stm32g4xx_it.c.obj
                0x08000c4a                DebugMon_Handler
 .text.PendSV_Handler
                0x08000c58        0xe CMakeFiles/Studienarbeit_Kommunikation.dir/Core/Src/stm32g4xx_it.c.obj
                0x08000c58                PendSV_Handler
 .text.SysTick_Handler
                0x08000c66        0xc CMakeFiles/Studienarbeit_Kommunikation.dir/Core/Src/stm32g4xx_it.c.obj
                0x08000c66                SysTick_Handler
 *fill*         0x08000c72        0x2 
 .text.USB_LP_IRQHandler
                0x08000c74       0x14 CMakeFiles/Studienarbeit_Kommunikation.dir/Core/Src/stm32g4xx_it.c.obj
                0x08000c74                USB_LP_IRQHandler
 .text.USART2_IRQHandler
                0x08000c88       0x14 CMakeFiles/Studienarbeit_Kommunikation.dir/Core/Src/stm32g4xx_it.c.obj
                0x08000c88                USART2_IRQHandler
 .text.TIM6_DAC_IRQHandler
                0x08000c9c       0x14 CMakeFiles/Studienarbeit_Kommunikation.dir/Core/Src/stm32g4xx_it.c.obj
                0x08000c9c                TIM6_DAC_IRQHandler
 .text.HAL_UART_RxCpltCallback
                0x08000cb0       0x28 CMakeFiles/Studienarbeit_Kommunikation.dir/Core/Src/stm32g4xx_it.c.obj
                0x08000cb0                HAL_UART_RxCpltCallback
 .text.HAL_TIM_PeriodElapsedCallback
                0x08000cd8       0x28 CMakeFiles/Studienarbeit_Kommunikation.dir/Core/Src/stm32g4xx_it.c.obj
                0x08000cd8                HAL_TIM_PeriodElapsedCallback
 .text.HAL_UART_ErrorCallback
                0x08000d00       0x28 CMakeFiles/Studienarbeit_Kommunikation.dir/Core/Src/stm32g4xx_it.c.obj
                0x08000d00                HAL_UART_ErrorCallback
 .text.HAL_MspInit
                0x08000d28       0x48 CMakeFiles/Studienarbeit_Kommunikation.dir/Core/Src/stm32g4xx_hal_msp.c.obj
                0x08000d28                HAL_MspInit
 .text._sbrk    0x08000d70       0x6c CMakeFiles/Studienarbeit_Kommunikation.dir/Core/Src/sysmem.c.obj
                0x08000d70                _sbrk
 .text.SystemInit
                0x08000ddc       0x24 CMakeFiles/Studienarbeit_Kommunikation.dir/Core/Src/system_stm32g4xx.c.obj
                0x08000ddc                SystemInit
 .text.HAL_I2C_Init
                0x08000e00      0x136 CMakeFiles/Studienarbeit_Kommunikation.dir/Drivers/STM32G4xx_HAL_Driver/Src/stm32g4xx_hal_i2c.c.obj
                0x08000e00                HAL_I2C_Init
 .text.HAL_I2CEx_ConfigAnalogFilter
                0x08000f36       0x96 CMakeFiles/Studienarbeit_Kommunikation.dir/Drivers/STM32G4xx_HAL_Driver/Src/stm32g4xx_hal_i2c_ex.c.obj
                0x08000f36                HAL_I2CEx_ConfigAnalogFilter
 .text.HAL_I2CEx_ConfigDigitalFilter
                0x08000fcc       0x98 CMakeFiles/Studienarbeit_Kommunikation.dir/Drivers/STM32G4xx_HAL_Driver/Src/stm32g4xx_hal_i2c_ex.c.obj
                0x08000fcc                HAL_I2CEx_ConfigDigitalFilter
 .text.HAL_Init
                0x08001064       0x30 CMakeFiles/Studienarbeit_Kommunikation.dir/Drivers/STM32G4xx_HAL_Driver/Src/stm32g4xx_hal.c.obj
                0x08001064                HAL_Init
 .text.HAL_InitTick
                0x08001094       0x74 CMakeFiles/Studienarbeit_Kommunikation.dir/Drivers/STM32G4xx_HAL_Driver/Src/stm32g4xx_hal.c.obj
                0x08001094                HAL_InitTick
 .text.HAL_IncTick
                0x08001108       0x24 CMakeFiles/Studienarbeit_Kommunikation.dir/Drivers/STM32G4xx_HAL_Driver/Src/stm32g4xx_hal.c.obj
                0x08001108                HAL_IncTick
 .text.HAL_GetTick
                0x0800112c       0x18 CMakeFiles/Studienarbeit_Kommunikation.dir/Drivers/STM32G4xx_HAL_Driver/Src/stm32g4xx_hal.c.obj
                0x0800112c                HAL_GetTick
 .text.HAL_Delay
                0x08001144       0x44 CMakeFiles/Studienarbeit_Kommunikation.dir/Drivers/STM32G4xx_HAL_Driver/Src/stm32g4xx_hal.c.obj
                0x08001144                HAL_Delay
 .text.HAL_RCC_OscConfig
                0x08001188      0x624 CMakeFiles/Studienarbeit_Kommunikation.dir/Drivers/STM32G4xx_HAL_Driver/Src/stm32g4xx_hal_rcc.c.obj
                0x08001188                HAL_RCC_OscConfig
 .text.HAL_RCC_ClockConfig
                0x080017ac      0x278 CMakeFiles/Studienarbeit_Kommunikation.dir/Drivers/STM32G4xx_HAL_Driver/Src/stm32g4xx_hal_rcc.c.obj
                0x080017ac                HAL_RCC_ClockConfig
 .text.HAL_RCC_GetSysClockFreq
                0x08001a24       0xc4 CMakeFiles/Studienarbeit_Kommunikation.dir/Drivers/STM32G4xx_HAL_Driver/Src/stm32g4xx_hal_rcc.c.obj
                0x08001a24                HAL_RCC_GetSysClockFreq
 .text.HAL_RCC_GetHCLKFreq
                0x08001ae8       0x18 CMakeFiles/Studienarbeit_Kommunikation.dir/Drivers/STM32G4xx_HAL_Driver/Src/stm32g4xx_hal_rcc.c.obj
                0x08001ae8                HAL_RCC_GetHCLKFreq
 .text.HAL_RCC_GetPCLK1Freq
                0x08001b00       0x2c CMakeFiles/Studienarbeit_Kommunikation.dir/Drivers/STM32G4xx_HAL_Driver/Src/stm32g4xx_hal_rcc.c.obj
                0x08001b00                HAL_RCC_GetPCLK1Freq
 .text.HAL_RCC_GetPCLK2Freq
                0x08001b2c       0x2c CMakeFiles/Studienarbeit_Kommunikation.dir/Drivers/STM32G4xx_HAL_Driver/Src/stm32g4xx_hal_rcc.c.obj
                0x08001b2c                HAL_RCC_GetPCLK2Freq
 .text.RCC_GetSysClockFreqFromPLLSource
                0x08001b58       0x8c CMakeFiles/Studienarbeit_Kommunikation.dir/Drivers/STM32G4xx_HAL_Driver/Src/stm32g4xx_hal_rcc.c.obj
 .text.HAL_RCCEx_PeriphCLKConfig
                0x08001be4      0x49c CMakeFiles/Studienarbeit_Kommunikation.dir/Drivers/STM32G4xx_HAL_Driver/Src/stm32g4xx_hal_rcc_ex.c.obj
                0x08001be4                HAL_RCCEx_PeriphCLKConfig
 .text.HAL_GPIO_Init
                0x08002080      0x318 CMakeFiles/Studienarbeit_Kommunikation.dir/Drivers/STM32G4xx_HAL_Driver/Src/stm32g4xx_hal_gpio.c.obj
                0x08002080                HAL_GPIO_Init
 .text.HAL_GPIO_ReadPin
                0x08002398       0x30 CMakeFiles/Studienarbeit_Kommunikation.dir/Drivers/STM32G4xx_HAL_Driver/Src/stm32g4xx_hal_gpio.c.obj
                0x08002398                HAL_GPIO_ReadPin
 .text.HAL_GPIO_WritePin
                0x080023c8       0x30 CMakeFiles/Studienarbeit_Kommunikation.dir/Drivers/STM32G4xx_HAL_Driver/Src/stm32g4xx_hal_gpio.c.obj
                0x080023c8                HAL_GPIO_WritePin
 .text.HAL_GPIO_TogglePin
                0x080023f8       0x34 CMakeFiles/Studienarbeit_Kommunikation.dir/Drivers/STM32G4xx_HAL_Driver/Src/stm32g4xx_hal_gpio.c.obj
                0x080023f8                HAL_GPIO_TogglePin
 .text.HAL_DMA_Abort
                0x0800242c       0xbc CMakeFiles/Studienarbeit_Kommunikation.dir/Drivers/STM32G4xx_HAL_Driver/Src/stm32g4xx_hal_dma.c.obj
                0x0800242c                HAL_DMA_Abort
 .text.HAL_DMA_Abort_IT
                0x080024e8       0xce CMakeFiles/Studienarbeit_Kommunikation.dir/Drivers/STM32G4xx_HAL_Driver/Src/stm32g4xx_hal_dma.c.obj
                0x080024e8                HAL_DMA_Abort_IT
 .text.HAL_DMA_GetError
                0x080025b6       0x18 CMakeFiles/Studienarbeit_Kommunikation.dir/Drivers/STM32G4xx_HAL_Driver/Src/stm32g4xx_hal_dma.c.obj
                0x080025b6                HAL_DMA_GetError
 *fill*         0x080025ce        0x2 
 .text.HAL_PWREx_ControlVoltageScaling
                0x080025d0      0x148 CMakeFiles/Studienarbeit_Kommunikation.dir/Drivers/STM32G4xx_HAL_Driver/Src/stm32g4xx_hal_pwr_ex.c.obj
                0x080025d0                HAL_PWREx_ControlVoltageScaling
 .text.HAL_PWREx_DisableUCPDDeadBattery
                0x08002718       0x20 CMakeFiles/Studienarbeit_Kommunikation.dir/Drivers/STM32G4xx_HAL_Driver/Src/stm32g4xx_hal_pwr_ex.c.obj
                0x08002718                HAL_PWREx_DisableUCPDDeadBattery
 .text.__NVIC_SetPriorityGrouping
                0x08002738       0x48 CMakeFiles/Studienarbeit_Kommunikation.dir/Drivers/STM32G4xx_HAL_Driver/Src/stm32g4xx_hal_cortex.c.obj
 .text.__NVIC_GetPriorityGrouping
                0x08002780       0x1c CMakeFiles/Studienarbeit_Kommunikation.dir/Drivers/STM32G4xx_HAL_Driver/Src/stm32g4xx_hal_cortex.c.obj
 .text.__NVIC_EnableIRQ
                0x0800279c       0x3c CMakeFiles/Studienarbeit_Kommunikation.dir/Drivers/STM32G4xx_HAL_Driver/Src/stm32g4xx_hal_cortex.c.obj
 .text.__NVIC_SetPriority
                0x080027d8       0x54 CMakeFiles/Studienarbeit_Kommunikation.dir/Drivers/STM32G4xx_HAL_Driver/Src/stm32g4xx_hal_cortex.c.obj
 .text.NVIC_EncodePriority
                0x0800282c       0x66 CMakeFiles/Studienarbeit_Kommunikation.dir/Drivers/STM32G4xx_HAL_Driver/Src/stm32g4xx_hal_cortex.c.obj
 *fill*         0x08002892        0x2 
 .text.SysTick_Config
                0x08002894       0x44 CMakeFiles/Studienarbeit_Kommunikation.dir/Drivers/STM32G4xx_HAL_Driver/Src/stm32g4xx_hal_cortex.c.obj
 .text.HAL_NVIC_SetPriorityGrouping
                0x080028d8       0x16 CMakeFiles/Studienarbeit_Kommunikation.dir/Drivers/STM32G4xx_HAL_Driver/Src/stm32g4xx_hal_cortex.c.obj
                0x080028d8                HAL_NVIC_SetPriorityGrouping
 .text.HAL_NVIC_SetPriority
                0x080028ee       0x34 CMakeFiles/Studienarbeit_Kommunikation.dir/Drivers/STM32G4xx_HAL_Driver/Src/stm32g4xx_hal_cortex.c.obj
                0x080028ee                HAL_NVIC_SetPriority
 .text.HAL_NVIC_EnableIRQ
                0x08002922       0x1c CMakeFiles/Studienarbeit_Kommunikation.dir/Drivers/STM32G4xx_HAL_Driver/Src/stm32g4xx_hal_cortex.c.obj
                0x08002922                HAL_NVIC_EnableIRQ
 .text.HAL_SYSTICK_Config
                0x0800293e       0x18 CMakeFiles/Studienarbeit_Kommunikation.dir/Drivers/STM32G4xx_HAL_Driver/Src/stm32g4xx_hal_cortex.c.obj
                0x0800293e                HAL_SYSTICK_Config
 *fill*         0x08002956        0x2 
 .text.HAL_UART_Receive_IT
                0x08002958       0x98 CMakeFiles/Studienarbeit_Kommunikation.dir/Drivers/STM32G4xx_HAL_Driver/Src/stm32g4xx_hal_uart.c.obj
                0x08002958                HAL_UART_Receive_IT
 .text.HAL_UART_AbortReceive
                0x080029f0      0x162 CMakeFiles/Studienarbeit_Kommunikation.dir/Drivers/STM32G4xx_HAL_Driver/Src/stm32g4xx_hal_uart.c.obj
                0x080029f0                HAL_UART_AbortReceive
 *fill*         0x08002b52        0x2 
 .text.HAL_UART_AbortReceive_IT
                0x08002b54      0x18c CMakeFiles/Studienarbeit_Kommunikation.dir/Drivers/STM32G4xx_HAL_Driver/Src/stm32g4xx_hal_uart.c.obj
                0x08002b54                HAL_UART_AbortReceive_IT
 .text.HAL_UART_IRQHandler
                0x08002ce0      0x684 CMakeFiles/Studienarbeit_Kommunikation.dir/Drivers/STM32G4xx_HAL_Driver/Src/stm32g4xx_hal_uart.c.obj
                0x08002ce0                HAL_UART_IRQHandler
 .text.HAL_UART_TxCpltCallback
                0x08003364       0x14 CMakeFiles/Studienarbeit_Kommunikation.dir/Drivers/STM32G4xx_HAL_Driver/Src/stm32g4xx_hal_uart.c.obj
                0x08003364                HAL_UART_TxCpltCallback
 .text.HAL_UART_AbortReceiveCpltCallback
                0x08003378       0x14 CMakeFiles/Studienarbeit_Kommunikation.dir/Drivers/STM32G4xx_HAL_Driver/Src/stm32g4xx_hal_uart.c.obj
                0x08003378                HAL_UART_AbortReceiveCpltCallback
 .text.HAL_UARTEx_RxEventCallback
                0x0800338c       0x18 CMakeFiles/Studienarbeit_Kommunikation.dir/Drivers/STM32G4xx_HAL_Driver/Src/stm32g4xx_hal_uart.c.obj
                0x0800338c                HAL_UARTEx_RxEventCallback
 .text.UART_SetConfig
                0x080033a4      0x5f8 CMakeFiles/Studienarbeit_Kommunikation.dir/Drivers/STM32G4xx_HAL_Driver/Src/stm32g4xx_hal_uart.c.obj
                0x080033a4                UART_SetConfig
 .text.UART_AdvFeatureConfig
                0x0800399c      0x144 CMakeFiles/Studienarbeit_Kommunikation.dir/Drivers/STM32G4xx_HAL_Driver/Src/stm32g4xx_hal_uart.c.obj
                0x0800399c                UART_AdvFeatureConfig
 .text.UART_CheckIdleState
                0x08003ae0      0x154 CMakeFiles/Studienarbeit_Kommunikation.dir/Drivers/STM32G4xx_HAL_Driver/Src/stm32g4xx_hal_uart.c.obj
                0x08003ae0                UART_CheckIdleState
 .text.UART_WaitOnFlagUntilTimeout
                0x08003c34       0xda CMakeFiles/Studienarbeit_Kommunikation.dir/Drivers/STM32G4xx_HAL_Driver/Src/stm32g4xx_hal_uart.c.obj
                0x08003c34                UART_WaitOnFlagUntilTimeout
 *fill*         0x08003d0e        0x2 
 .text.UART_Start_Receive_IT
                0x08003d10      0x244 CMakeFiles/Studienarbeit_Kommunikation.dir/Drivers/STM32G4xx_HAL_Driver/Src/stm32g4xx_hal_uart.c.obj
                0x08003d10                UART_Start_Receive_IT
 .text.UART_EndRxTransfer
                0x08003f54       0xcc CMakeFiles/Studienarbeit_Kommunikation.dir/Drivers/STM32G4xx_HAL_Driver/Src/stm32g4xx_hal_uart.c.obj
 .text.UART_DMAAbortOnError
                0x08004020       0x1c CMakeFiles/Studienarbeit_Kommunikation.dir/Drivers/STM32G4xx_HAL_Driver/Src/stm32g4xx_hal_uart.c.obj
 .text.UART_DMARxOnlyAbortCallback
                0x0800403c       0x42 CMakeFiles/Studienarbeit_Kommunikation.dir/Drivers/STM32G4xx_HAL_Driver/Src/stm32g4xx_hal_uart.c.obj
 .text.UART_EndTransmit_IT
                0x0800407e       0x56 CMakeFiles/Studienarbeit_Kommunikation.dir/Drivers/STM32G4xx_HAL_Driver/Src/stm32g4xx_hal_uart.c.obj
 .text.UART_RxISR_8BIT
                0x080040d4      0x1b8 CMakeFiles/Studienarbeit_Kommunikation.dir/Drivers/STM32G4xx_HAL_Driver/Src/stm32g4xx_hal_uart.c.obj
 .text.UART_RxISR_16BIT
                0x0800428c      0x1b8 CMakeFiles/Studienarbeit_Kommunikation.dir/Drivers/STM32G4xx_HAL_Driver/Src/stm32g4xx_hal_uart.c.obj
 .text.UART_RxISR_8BIT_FIFOEN
                0x08004444      0x364 CMakeFiles/Studienarbeit_Kommunikation.dir/Drivers/STM32G4xx_HAL_Driver/Src/stm32g4xx_hal_uart.c.obj
 .text.UART_RxISR_16BIT_FIFOEN
                0x080047a8      0x36c CMakeFiles/Studienarbeit_Kommunikation.dir/Drivers/STM32G4xx_HAL_Driver/Src/stm32g4xx_hal_uart.c.obj
 .text.HAL_RS485Ex_Init
                0x08004b14       0xd2 CMakeFiles/Studienarbeit_Kommunikation.dir/Drivers/STM32G4xx_HAL_Driver/Src/stm32g4xx_hal_uart_ex.c.obj
                0x08004b14                HAL_RS485Ex_Init
 .text.HAL_UARTEx_WakeupCallback
                0x08004be6       0x14 CMakeFiles/Studienarbeit_Kommunikation.dir/Drivers/STM32G4xx_HAL_Driver/Src/stm32g4xx_hal_uart_ex.c.obj
                0x08004be6                HAL_UARTEx_WakeupCallback
 .text.HAL_UARTEx_RxFifoFullCallback
                0x08004bfa       0x14 CMakeFiles/Studienarbeit_Kommunikation.dir/Drivers/STM32G4xx_HAL_Driver/Src/stm32g4xx_hal_uart_ex.c.obj
                0x08004bfa                HAL_UARTEx_RxFifoFullCallback
 .text.HAL_UARTEx_TxFifoEmptyCallback
                0x08004c0e       0x14 CMakeFiles/Studienarbeit_Kommunikation.dir/Drivers/STM32G4xx_HAL_Driver/Src/stm32g4xx_hal_uart_ex.c.obj
                0x08004c0e                HAL_UARTEx_TxFifoEmptyCallback
 .text.HAL_UARTEx_DisableFifoMode
                0x08004c22       0x72 CMakeFiles/Studienarbeit_Kommunikation.dir/Drivers/STM32G4xx_HAL_Driver/Src/stm32g4xx_hal_uart_ex.c.obj
                0x08004c22                HAL_UARTEx_DisableFifoMode
 .text.HAL_UARTEx_SetTxFifoThreshold
                0x08004c94       0x7c CMakeFiles/Studienarbeit_Kommunikation.dir/Drivers/STM32G4xx_HAL_Driver/Src/stm32g4xx_hal_uart_ex.c.obj
                0x08004c94                HAL_UARTEx_SetTxFifoThreshold
 .text.HAL_UARTEx_SetRxFifoThreshold
                0x08004d10       0x7c CMakeFiles/Studienarbeit_Kommunikation.dir/Drivers/STM32G4xx_HAL_Driver/Src/stm32g4xx_hal_uart_ex.c.obj
                0x08004d10                HAL_UARTEx_SetRxFifoThreshold
 .text.UARTEx_SetNbDataToProcess
                0x08004d8c       0x9c CMakeFiles/Studienarbeit_Kommunikation.dir/Drivers/STM32G4xx_HAL_Driver/Src/stm32g4xx_hal_uart_ex.c.obj
 .text.HAL_PCD_Init
                0x08004e28      0x19c CMakeFiles/Studienarbeit_Kommunikation.dir/Drivers/STM32G4xx_HAL_Driver/Src/stm32g4xx_hal_pcd.c.obj
                0x08004e28                HAL_PCD_Init
 .text.HAL_PCD_Start
                0x08004fc4       0x44 CMakeFiles/Studienarbeit_Kommunikation.dir/Drivers/STM32G4xx_HAL_Driver/Src/stm32g4xx_hal_pcd.c.obj
                0x08004fc4                HAL_PCD_Start
 .text.HAL_PCD_IRQHandler
                0x08005008      0x24e CMakeFiles/Studienarbeit_Kommunikation.dir/Drivers/STM32G4xx_HAL_Driver/Src/stm32g4xx_hal_pcd.c.obj
                0x08005008                HAL_PCD_IRQHandler
 .text.HAL_PCD_SetAddress
                0x08005256       0x48 CMakeFiles/Studienarbeit_Kommunikation.dir/Drivers/STM32G4xx_HAL_Driver/Src/stm32g4xx_hal_pcd.c.obj
                0x08005256                HAL_PCD_SetAddress
 .text.HAL_PCD_EP_Open
                0x0800529e       0xbe CMakeFiles/Studienarbeit_Kommunikation.dir/Drivers/STM32G4xx_HAL_Driver/Src/stm32g4xx_hal_pcd.c.obj
                0x0800529e                HAL_PCD_EP_Open
 .text.HAL_PCD_EP_Close
                0x0800535c       0x90 CMakeFiles/Studienarbeit_Kommunikation.dir/Drivers/STM32G4xx_HAL_Driver/Src/stm32g4xx_hal_pcd.c.obj
                0x0800535c                HAL_PCD_EP_Close
 .text.HAL_PCD_EP_Receive
                0x080053ec       0x62 CMakeFiles/Studienarbeit_Kommunikation.dir/Drivers/STM32G4xx_HAL_Driver/Src/stm32g4xx_hal_pcd.c.obj
                0x080053ec                HAL_PCD_EP_Receive
 .text.HAL_PCD_EP_GetRxCount
                0x0800544e       0x30 CMakeFiles/Studienarbeit_Kommunikation.dir/Drivers/STM32G4xx_HAL_Driver/Src/stm32g4xx_hal_pcd.c.obj
                0x0800544e                HAL_PCD_EP_GetRxCount
 .text.HAL_PCD_EP_Transmit
                0x0800547e       0x6e CMakeFiles/Studienarbeit_Kommunikation.dir/Drivers/STM32G4xx_HAL_Driver/Src/stm32g4xx_hal_pcd.c.obj
                0x0800547e                HAL_PCD_EP_Transmit
 .text.HAL_PCD_EP_SetStall
                0x080054ec       0xa4 CMakeFiles/Studienarbeit_Kommunikation.dir/Drivers/STM32G4xx_HAL_Driver/Src/stm32g4xx_hal_pcd.c.obj
                0x080054ec                HAL_PCD_EP_SetStall
 .text.HAL_PCD_EP_ClrStall
                0x08005590       0xa8 CMakeFiles/Studienarbeit_Kommunikation.dir/Drivers/STM32G4xx_HAL_Driver/Src/stm32g4xx_hal_pcd.c.obj
                0x08005590                HAL_PCD_EP_ClrStall
 .text.PCD_EP_ISR_Handler
                0x08005638      0x71c CMakeFiles/Studienarbeit_Kommunikation.dir/Drivers/STM32G4xx_HAL_Driver/Src/stm32g4xx_hal_pcd.c.obj
 .text.HAL_PCD_EP_DB_Receive
                0x08005d54      0x212 CMakeFiles/Studienarbeit_Kommunikation.dir/Drivers/STM32G4xx_HAL_Driver/Src/stm32g4xx_hal_pcd.c.obj
 .text.HAL_PCD_EP_DB_Transmit
                0x08005f66      0x878 CMakeFiles/Studienarbeit_Kommunikation.dir/Drivers/STM32G4xx_HAL_Driver/Src/stm32g4xx_hal_pcd.c.obj
 .text.HAL_PCDEx_PMAConfig
                0x080067de       0x86 CMakeFiles/Studienarbeit_Kommunikation.dir/Drivers/STM32G4xx_HAL_Driver/Src/stm32g4xx_hal_pcd_ex.c.obj
                0x080067de                HAL_PCDEx_PMAConfig
 .text.HAL_PCDEx_ActivateLPM
                0x08006864       0x54 CMakeFiles/Studienarbeit_Kommunikation.dir/Drivers/STM32G4xx_HAL_Driver/Src/stm32g4xx_hal_pcd_ex.c.obj
                0x08006864                HAL_PCDEx_ActivateLPM
 .text.USB_EnableGlobalInt
                0x080068b8       0x2e CMakeFiles/Studienarbeit_Kommunikation.dir/Drivers/STM32G4xx_HAL_Driver/Src/stm32g4xx_ll_usb.c.obj
                0x080068b8                USB_EnableGlobalInt
 .text.USB_DisableGlobalInt
                0x080068e6       0x36 CMakeFiles/Studienarbeit_Kommunikation.dir/Drivers/STM32G4xx_HAL_Driver/Src/stm32g4xx_ll_usb.c.obj
                0x080068e6                USB_DisableGlobalInt
 .text.USB_DevInit
                0x0800691c       0x3c CMakeFiles/Studienarbeit_Kommunikation.dir/Drivers/STM32G4xx_HAL_Driver/Src/stm32g4xx_ll_usb.c.obj
                0x0800691c                USB_DevInit
 .text.USB_ActivateEndpoint
                0x08006958      0x9d0 CMakeFiles/Studienarbeit_Kommunikation.dir/Drivers/STM32G4xx_HAL_Driver/Src/stm32g4xx_ll_usb.c.obj
                0x08006958                USB_ActivateEndpoint
 .text.USB_DeactivateEndpoint
                0x08007328      0x3da CMakeFiles/Studienarbeit_Kommunikation.dir/Drivers/STM32G4xx_HAL_Driver/Src/stm32g4xx_ll_usb.c.obj
                0x08007328                USB_DeactivateEndpoint
 .text.USB_EPStartXfer
                0x08007702      0xb5e CMakeFiles/Studienarbeit_Kommunikation.dir/Drivers/STM32G4xx_HAL_Driver/Src/stm32g4xx_ll_usb.c.obj
                0x08007702                USB_EPStartXfer
 .text.USB_EPSetStall
                0x08008260       0xa2 CMakeFiles/Studienarbeit_Kommunikation.dir/Drivers/STM32G4xx_HAL_Driver/Src/stm32g4xx_ll_usb.c.obj
                0x08008260                USB_EPSetStall
 .text.USB_EPClearStall
                0x08008302      0x152 CMakeFiles/Studienarbeit_Kommunikation.dir/Drivers/STM32G4xx_HAL_Driver/Src/stm32g4xx_ll_usb.c.obj
                0x08008302                USB_EPClearStall
 .text.USB_SetDevAddress
                0x08008454       0x28 CMakeFiles/Studienarbeit_Kommunikation.dir/Drivers/STM32G4xx_HAL_Driver/Src/stm32g4xx_ll_usb.c.obj
                0x08008454                USB_SetDevAddress
 .text.USB_DevConnect
                0x0800847c       0x2e CMakeFiles/Studienarbeit_Kommunikation.dir/Drivers/STM32G4xx_HAL_Driver/Src/stm32g4xx_ll_usb.c.obj
                0x0800847c                USB_DevConnect
 .text.USB_ReadInterrupts
                0x080084aa       0x20 CMakeFiles/Studienarbeit_Kommunikation.dir/Drivers/STM32G4xx_HAL_Driver/Src/stm32g4xx_ll_usb.c.obj
                0x080084aa                USB_ReadInterrupts
 .text.USB_WritePMA
                0x080084ca       0x86 CMakeFiles/Studienarbeit_Kommunikation.dir/Drivers/STM32G4xx_HAL_Driver/Src/stm32g4xx_ll_usb.c.obj
                0x080084ca                USB_WritePMA
 .text.USB_ReadPMA
                0x08008550       0x98 CMakeFiles/Studienarbeit_Kommunikation.dir/Drivers/STM32G4xx_HAL_Driver/Src/stm32g4xx_ll_usb.c.obj
                0x08008550                USB_ReadPMA
 .text.MX_USB_Device_Init
                0x080085e8       0x60 CMakeFiles/Studienarbeit_Kommunikation.dir/USB_Device/App/usb_device.c.obj
                0x080085e8                MX_USB_Device_Init
 .text.CDC_Init_FS
                0x08008648       0x28 CMakeFiles/Studienarbeit_Kommunikation.dir/USB_Device/App/usbd_cdc_if.c.obj
 .text.CDC_DeInit_FS
                0x08008670       0x10 CMakeFiles/Studienarbeit_Kommunikation.dir/USB_Device/App/usbd_cdc_if.c.obj
 .text.CDC_Control_FS
                0x08008680       0xbc CMakeFiles/Studienarbeit_Kommunikation.dir/USB_Device/App/usbd_cdc_if.c.obj
 .text.CDC_Receive_FS
                0x0800873c       0x28 CMakeFiles/Studienarbeit_Kommunikation.dir/USB_Device/App/usbd_cdc_if.c.obj
 .text.CDC_Transmit_FS
                0x08008764       0x4c CMakeFiles/Studienarbeit_Kommunikation.dir/USB_Device/App/usbd_cdc_if.c.obj
                0x08008764                CDC_Transmit_FS
 .text.CDC_TransmitCplt_FS
                0x080087b0       0x22 CMakeFiles/Studienarbeit_Kommunikation.dir/USB_Device/App/usbd_cdc_if.c.obj
 *fill*         0x080087d2        0x2 
 .text.USBD_CDC_DeviceDescriptor
                0x080087d4       0x24 CMakeFiles/Studienarbeit_Kommunikation.dir/USB_Device/App/usbd_desc.c.obj
                0x080087d4                USBD_CDC_DeviceDescriptor
 .text.USBD_CDC_LangIDStrDescriptor
                0x080087f8       0x24 CMakeFiles/Studienarbeit_Kommunikation.dir/USB_Device/App/usbd_desc.c.obj
                0x080087f8                USBD_CDC_LangIDStrDescriptor
 .text.USBD_CDC_ProductStrDescriptor
                0x0800881c       0x3c CMakeFiles/Studienarbeit_Kommunikation.dir/USB_Device/App/usbd_desc.c.obj
                0x0800881c                USBD_CDC_ProductStrDescriptor
 .text.USBD_CDC_ManufacturerStrDescriptor
                0x08008858       0x28 CMakeFiles/Studienarbeit_Kommunikation.dir/USB_Device/App/usbd_desc.c.obj
                0x08008858                USBD_CDC_ManufacturerStrDescriptor
 .text.USBD_CDC_SerialStrDescriptor
                0x08008880       0x24 CMakeFiles/Studienarbeit_Kommunikation.dir/USB_Device/App/usbd_desc.c.obj
                0x08008880                USBD_CDC_SerialStrDescriptor
 .text.USBD_CDC_ConfigStrDescriptor
                0x080088a4       0x3c CMakeFiles/Studienarbeit_Kommunikation.dir/USB_Device/App/usbd_desc.c.obj
                0x080088a4                USBD_CDC_ConfigStrDescriptor
 .text.USBD_CDC_InterfaceStrDescriptor
                0x080088e0       0x3c CMakeFiles/Studienarbeit_Kommunikation.dir/USB_Device/App/usbd_desc.c.obj
                0x080088e0                USBD_CDC_InterfaceStrDescriptor
 .text.Get_SerialNum
                0x0800891c       0x58 CMakeFiles/Studienarbeit_Kommunikation.dir/USB_Device/App/usbd_desc.c.obj
 .text.IntToUnicode
                0x08008974       0x7e CMakeFiles/Studienarbeit_Kommunikation.dir/USB_Device/App/usbd_desc.c.obj
 *fill*         0x080089f2        0x2 
 .text.HAL_PCD_MspInit
                0x080089f4       0x78 CMakeFiles/Studienarbeit_Kommunikation.dir/USB_Device/Target/usbd_conf.c.obj
                0x080089f4                HAL_PCD_MspInit
 .text.HAL_PCD_SetupStageCallback
                0x08008a6c       0x24 CMakeFiles/Studienarbeit_Kommunikation.dir/USB_Device/Target/usbd_conf.c.obj
                0x08008a6c                HAL_PCD_SetupStageCallback
 .text.HAL_PCD_DataOutStageCallback
                0x08008a90       0x36 CMakeFiles/Studienarbeit_Kommunikation.dir/USB_Device/Target/usbd_conf.c.obj
                0x08008a90                HAL_PCD_DataOutStageCallback
 .text.HAL_PCD_DataInStageCallback
                0x08008ac6       0x34 CMakeFiles/Studienarbeit_Kommunikation.dir/USB_Device/Target/usbd_conf.c.obj
                0x08008ac6                HAL_PCD_DataInStageCallback
 .text.HAL_PCD_SOFCallback
                0x08008afa       0x1c CMakeFiles/Studienarbeit_Kommunikation.dir/USB_Device/Target/usbd_conf.c.obj
                0x08008afa                HAL_PCD_SOFCallback
 .text.HAL_PCD_ResetCallback
                0x08008b16       0x3c CMakeFiles/Studienarbeit_Kommunikation.dir/USB_Device/Target/usbd_conf.c.obj
                0x08008b16                HAL_PCD_ResetCallback
 *fill*         0x08008b52        0x2 
 .text.HAL_PCD_SuspendCallback
                0x08008b54       0x34 CMakeFiles/Studienarbeit_Kommunikation.dir/USB_Device/Target/usbd_conf.c.obj
                0x08008b54                HAL_PCD_SuspendCallback
 .text.HAL_PCD_ResumeCallback
                0x08008b88       0x38 CMakeFiles/Studienarbeit_Kommunikation.dir/USB_Device/Target/usbd_conf.c.obj
                0x08008b88                HAL_PCD_ResumeCallback
 .text.USBD_LL_Init
                0x08008bc0       0xc0 CMakeFiles/Studienarbeit_Kommunikation.dir/USB_Device/Target/usbd_conf.c.obj
                0x08008bc0                USBD_LL_Init
 .text.USBD_LL_Start
                0x08008c80       0x36 CMakeFiles/Studienarbeit_Kommunikation.dir/USB_Device/Target/usbd_conf.c.obj
                0x08008c80                USBD_LL_Start
 .text.USBD_LL_OpenEP
                0x08008cb6       0x4c CMakeFiles/Studienarbeit_Kommunikation.dir/USB_Device/Target/usbd_conf.c.obj
                0x08008cb6                USBD_LL_OpenEP
 .text.USBD_LL_CloseEP
                0x08008d02       0x3e CMakeFiles/Studienarbeit_Kommunikation.dir/USB_Device/Target/usbd_conf.c.obj
                0x08008d02                USBD_LL_CloseEP
 .text.USBD_LL_StallEP
                0x08008d40       0x3e CMakeFiles/Studienarbeit_Kommunikation.dir/USB_Device/Target/usbd_conf.c.obj
                0x08008d40                USBD_LL_StallEP
 .text.USBD_LL_ClearStallEP
                0x08008d7e       0x3e CMakeFiles/Studienarbeit_Kommunikation.dir/USB_Device/Target/usbd_conf.c.obj
                0x08008d7e                USBD_LL_ClearStallEP
 .text.USBD_LL_IsStallEP
                0x08008dbc       0x58 CMakeFiles/Studienarbeit_Kommunikation.dir/USB_Device/Target/usbd_conf.c.obj
                0x08008dbc                USBD_LL_IsStallEP
 .text.USBD_LL_SetUSBAddress
                0x08008e14       0x3e CMakeFiles/Studienarbeit_Kommunikation.dir/USB_Device/Target/usbd_conf.c.obj
                0x08008e14                USBD_LL_SetUSBAddress
 .text.USBD_LL_Transmit
                0x08008e52       0x42 CMakeFiles/Studienarbeit_Kommunikation.dir/USB_Device/Target/usbd_conf.c.obj
                0x08008e52                USBD_LL_Transmit
 .text.USBD_LL_PrepareReceive
                0x08008e94       0x42 CMakeFiles/Studienarbeit_Kommunikation.dir/USB_Device/Target/usbd_conf.c.obj
                0x08008e94                USBD_LL_PrepareReceive
 .text.USBD_LL_GetRxDataSize
                0x08008ed6       0x26 CMakeFiles/Studienarbeit_Kommunikation.dir/USB_Device/Target/usbd_conf.c.obj
                0x08008ed6                USBD_LL_GetRxDataSize
 .text.HAL_PCDEx_LPM_Callback
                0x08008efc       0x6c CMakeFiles/Studienarbeit_Kommunikation.dir/USB_Device/Target/usbd_conf.c.obj
                0x08008efc                HAL_PCDEx_LPM_Callback
 .text.USBD_static_malloc
                0x08008f68       0x1c CMakeFiles/Studienarbeit_Kommunikation.dir/USB_Device/Target/usbd_conf.c.obj
                0x08008f68                USBD_static_malloc
 .text.USBD_static_free
                0x08008f84       0x14 CMakeFiles/Studienarbeit_Kommunikation.dir/USB_Device/Target/usbd_conf.c.obj
                0x08008f84                USBD_static_free
 .text.SystemClockConfig_Resume
                0x08008f98        0xc CMakeFiles/Studienarbeit_Kommunikation.dir/USB_Device/Target/usbd_conf.c.obj
 .text.USBD_Get_USB_Status
                0x08008fa4       0x58 CMakeFiles/Studienarbeit_Kommunikation.dir/USB_Device/Target/usbd_conf.c.obj
 .text.USBD_Init
                0x08008ffc       0x60 CMakeFiles/Studienarbeit_Kommunikation.dir/Middlewares/ST/STM32_USB_Device_Library/Core/Src/usbd_core.c.obj
                0x08008ffc                USBD_Init
 .text.USBD_RegisterClass
                0x0800905c       0x4e CMakeFiles/Studienarbeit_Kommunikation.dir/Middlewares/ST/STM32_USB_Device_Library/Core/Src/usbd_core.c.obj
                0x0800905c                USBD_RegisterClass
 .text.USBD_Start
                0x080090aa       0x18 CMakeFiles/Studienarbeit_Kommunikation.dir/Middlewares/ST/STM32_USB_Device_Library/Core/Src/usbd_core.c.obj
                0x080090aa                USBD_Start
 .text.USBD_RunTestMode
                0x080090c2       0x16 CMakeFiles/Studienarbeit_Kommunikation.dir/Middlewares/ST/STM32_USB_Device_Library/Core/Src/usbd_core.c.obj
                0x080090c2                USBD_RunTestMode
 .text.USBD_SetClassConfig
                0x080090d8       0x38 CMakeFiles/Studienarbeit_Kommunikation.dir/Middlewares/ST/STM32_USB_Device_Library/Core/Src/usbd_core.c.obj
                0x080090d8                USBD_SetClassConfig
 .text.USBD_ClrClassConfig
                0x08009110       0x30 CMakeFiles/Studienarbeit_Kommunikation.dir/Middlewares/ST/STM32_USB_Device_Library/Core/Src/usbd_core.c.obj
                0x08009110                USBD_ClrClassConfig
 .text.USBD_LL_SetupStage
                0x08009140       0xaa CMakeFiles/Studienarbeit_Kommunikation.dir/Middlewares/ST/STM32_USB_Device_Library/Core/Src/usbd_core.c.obj
                0x08009140                USBD_LL_SetupStage
 .text.USBD_LL_DataOutStage
                0x080091ea       0xc6 CMakeFiles/Studienarbeit_Kommunikation.dir/Middlewares/ST/STM32_USB_Device_Library/Core/Src/usbd_core.c.obj
                0x080091ea                USBD_LL_DataOutStage
 .text.USBD_LL_DataInStage
                0x080092b0      0x12c CMakeFiles/Studienarbeit_Kommunikation.dir/Middlewares/ST/STM32_USB_Device_Library/Core/Src/usbd_core.c.obj
                0x080092b0                USBD_LL_DataInStage
 .text.USBD_LL_Reset
                0x080093dc       0x9c CMakeFiles/Studienarbeit_Kommunikation.dir/Middlewares/ST/STM32_USB_Device_Library/Core/Src/usbd_core.c.obj
                0x080093dc                USBD_LL_Reset
 .text.USBD_LL_SetSpeed
                0x08009478       0x20 CMakeFiles/Studienarbeit_Kommunikation.dir/Middlewares/ST/STM32_USB_Device_Library/Core/Src/usbd_core.c.obj
                0x08009478                USBD_LL_SetSpeed
 .text.USBD_LL_Suspend
                0x08009498       0x2c CMakeFiles/Studienarbeit_Kommunikation.dir/Middlewares/ST/STM32_USB_Device_Library/Core/Src/usbd_core.c.obj
                0x08009498                USBD_LL_Suspend
 .text.USBD_LL_Resume
                0x080094c4       0x30 CMakeFiles/Studienarbeit_Kommunikation.dir/Middlewares/ST/STM32_USB_Device_Library/Core/Src/usbd_core.c.obj
                0x080094c4                USBD_LL_Resume
 .text.USBD_LL_SOF
                0x080094f4       0x44 CMakeFiles/Studienarbeit_Kommunikation.dir/Middlewares/ST/STM32_USB_Device_Library/Core/Src/usbd_core.c.obj
                0x080094f4                USBD_LL_SOF
 .text.SWAPBYTE
                0x08009538       0x3e CMakeFiles/Studienarbeit_Kommunikation.dir/Middlewares/ST/STM32_USB_Device_Library/Core/Src/usbd_ctlreq.c.obj
 *fill*         0x08009576        0x2 
 .text.USBD_StdDevReq
                0x08009578       0xdc CMakeFiles/Studienarbeit_Kommunikation.dir/Middlewares/ST/STM32_USB_Device_Library/Core/Src/usbd_ctlreq.c.obj
                0x08009578                USBD_StdDevReq
 .text.USBD_StdItfReq
                0x08009654       0x92 CMakeFiles/Studienarbeit_Kommunikation.dir/Middlewares/ST/STM32_USB_Device_Library/Core/Src/usbd_ctlreq.c.obj
                0x08009654                USBD_StdItfReq
 .text.USBD_StdEPReq
                0x080096e6      0x2c4 CMakeFiles/Studienarbeit_Kommunikation.dir/Middlewares/ST/STM32_USB_Device_Library/Core/Src/usbd_ctlreq.c.obj
                0x080096e6                USBD_StdEPReq
 *fill*         0x080099aa        0x2 
 .text.USBD_GetDescriptor
                0x080099ac      0x328 CMakeFiles/Studienarbeit_Kommunikation.dir/Middlewares/ST/STM32_USB_Device_Library/Core/Src/usbd_ctlreq.c.obj
 .text.USBD_SetAddress
                0x08009cd4       0x88 CMakeFiles/Studienarbeit_Kommunikation.dir/Middlewares/ST/STM32_USB_Device_Library/Core/Src/usbd_ctlreq.c.obj
 .text.USBD_SetConfig
                0x08009d5c      0x14c CMakeFiles/Studienarbeit_Kommunikation.dir/Middlewares/ST/STM32_USB_Device_Library/Core/Src/usbd_ctlreq.c.obj
 .text.USBD_GetConfig
                0x08009ea8       0x6c CMakeFiles/Studienarbeit_Kommunikation.dir/Middlewares/ST/STM32_USB_Device_Library/Core/Src/usbd_ctlreq.c.obj
 .text.USBD_GetStatus
                0x08009f14       0x68 CMakeFiles/Studienarbeit_Kommunikation.dir/Middlewares/ST/STM32_USB_Device_Library/Core/Src/usbd_ctlreq.c.obj
 .text.USBD_SetFeature
                0x08009f7c       0x28 CMakeFiles/Studienarbeit_Kommunikation.dir/Middlewares/ST/STM32_USB_Device_Library/Core/Src/usbd_ctlreq.c.obj
 .text.USBD_ClrFeature
                0x08009fa4       0x44 CMakeFiles/Studienarbeit_Kommunikation.dir/Middlewares/ST/STM32_USB_Device_Library/Core/Src/usbd_ctlreq.c.obj
 .text.USBD_ParseSetupRequest
                0x08009fe8       0x74 CMakeFiles/Studienarbeit_Kommunikation.dir/Middlewares/ST/STM32_USB_Device_Library/Core/Src/usbd_ctlreq.c.obj
                0x08009fe8                USBD_ParseSetupRequest
 .text.USBD_CtlError
                0x0800a05c       0x22 CMakeFiles/Studienarbeit_Kommunikation.dir/Middlewares/ST/STM32_USB_Device_Library/Core/Src/usbd_ctlreq.c.obj
                0x0800a05c                USBD_CtlError
 .text.USBD_GetString
                0x0800a07e       0x8c CMakeFiles/Studienarbeit_Kommunikation.dir/Middlewares/ST/STM32_USB_Device_Library/Core/Src/usbd_ctlreq.c.obj
                0x0800a07e                USBD_GetString
 .text.USBD_GetLen
                0x0800a10a       0x34 CMakeFiles/Studienarbeit_Kommunikation.dir/Middlewares/ST/STM32_USB_Device_Library/Core/Src/usbd_ctlreq.c.obj
 .text.USBD_CtlSendData
                0x0800a13e       0x36 CMakeFiles/Studienarbeit_Kommunikation.dir/Middlewares/ST/STM32_USB_Device_Library/Core/Src/usbd_ioreq.c.obj
                0x0800a13e                USBD_CtlSendData
 .text.USBD_CtlContinueSendData
                0x0800a174       0x22 CMakeFiles/Studienarbeit_Kommunikation.dir/Middlewares/ST/STM32_USB_Device_Library/Core/Src/usbd_ioreq.c.obj
                0x0800a174                USBD_CtlContinueSendData
 .text.USBD_CtlPrepareRx
                0x0800a196       0x3a CMakeFiles/Studienarbeit_Kommunikation.dir/Middlewares/ST/STM32_USB_Device_Library/Core/Src/usbd_ioreq.c.obj
                0x0800a196                USBD_CtlPrepareRx
 .text.USBD_CtlContinueRx
                0x0800a1d0       0x22 CMakeFiles/Studienarbeit_Kommunikation.dir/Middlewares/ST/STM32_USB_Device_Library/Core/Src/usbd_ioreq.c.obj
                0x0800a1d0                USBD_CtlContinueRx
 .text.USBD_CtlSendStatus
                0x0800a1f2       0x26 CMakeFiles/Studienarbeit_Kommunikation.dir/Middlewares/ST/STM32_USB_Device_Library/Core/Src/usbd_ioreq.c.obj
                0x0800a1f2                USBD_CtlSendStatus
 .text.USBD_CtlReceiveStatus
                0x0800a218       0x26 CMakeFiles/Studienarbeit_Kommunikation.dir/Middlewares/ST/STM32_USB_Device_Library/Core/Src/usbd_ioreq.c.obj
                0x0800a218                USBD_CtlReceiveStatus
 .text.USBD_CDC_Init
                0x0800a23e       0xfe CMakeFiles/Studienarbeit_Kommunikation.dir/Middlewares/ST/STM32_USB_Device_Library/Class/CDC/Src/usbd_cdc.c.obj
 .text.USBD_CDC_DeInit
                0x0800a33c       0x74 CMakeFiles/Studienarbeit_Kommunikation.dir/Middlewares/ST/STM32_USB_Device_Library/Class/CDC/Src/usbd_cdc.c.obj
 .text.USBD_CDC_Setup
                0x0800a3b0      0x190 CMakeFiles/Studienarbeit_Kommunikation.dir/Middlewares/ST/STM32_USB_Device_Library/Class/CDC/Src/usbd_cdc.c.obj
 .text.USBD_CDC_DataIn
                0x0800a540       0xca CMakeFiles/Studienarbeit_Kommunikation.dir/Middlewares/ST/STM32_USB_Device_Library/Class/CDC/Src/usbd_cdc.c.obj
 .text.USBD_CDC_DataOut
                0x0800a60a       0x56 CMakeFiles/Studienarbeit_Kommunikation.dir/Middlewares/ST/STM32_USB_Device_Library/Class/CDC/Src/usbd_cdc.c.obj
 .text.USBD_CDC_EP0_RxReady
                0x0800a660       0x58 CMakeFiles/Studienarbeit_Kommunikation.dir/Middlewares/ST/STM32_USB_Device_Library/Class/CDC/Src/usbd_cdc.c.obj
 .text.USBD_CDC_GetFSCfgDesc
                0x0800a6b8       0x20 CMakeFiles/Studienarbeit_Kommunikation.dir/Middlewares/ST/STM32_USB_Device_Library/Class/CDC/Src/usbd_cdc.c.obj
 .text.USBD_CDC_GetHSCfgDesc
                0x0800a6d8       0x20 CMakeFiles/Studienarbeit_Kommunikation.dir/Middlewares/ST/STM32_USB_Device_Library/Class/CDC/Src/usbd_cdc.c.obj
 .text.USBD_CDC_GetOtherSpeedCfgDesc
                0x0800a6f8       0x20 CMakeFiles/Studienarbeit_Kommunikation.dir/Middlewares/ST/STM32_USB_Device_Library/Class/CDC/Src/usbd_cdc.c.obj
 .text.USBD_CDC_GetDeviceQualifierDescriptor
                0x0800a718       0x20 CMakeFiles/Studienarbeit_Kommunikation.dir/Middlewares/ST/STM32_USB_Device_Library/Class/CDC/Src/usbd_cdc.c.obj
                0x0800a718                USBD_CDC_GetDeviceQualifierDescriptor
 .text.USBD_CDC_RegisterInterface
                0x0800a738       0x2a CMakeFiles/Studienarbeit_Kommunikation.dir/Middlewares/ST/STM32_USB_Device_Library/Class/CDC/Src/usbd_cdc.c.obj
                0x0800a738                USBD_CDC_RegisterInterface
 .text.USBD_CDC_SetTxBuffer
                0x0800a762       0x3c CMakeFiles/Studienarbeit_Kommunikation.dir/Middlewares/ST/STM32_USB_Device_Library/Class/CDC/Src/usbd_cdc.c.obj
                0x0800a762                USBD_CDC_SetTxBuffer
 .text.USBD_CDC_SetRxBuffer
                0x0800a79e       0x32 CMakeFiles/Studienarbeit_Kommunikation.dir/Middlewares/ST/STM32_USB_Device_Library/Class/CDC/Src/usbd_cdc.c.obj
                0x0800a79e                USBD_CDC_SetRxBuffer
 .text.USBD_CDC_TransmitPacket
                0x0800a7d0       0x60 CMakeFiles/Studienarbeit_Kommunikation.dir/Middlewares/ST/STM32_USB_Device_Library/Class/CDC/Src/usbd_cdc.c.obj
                0x0800a7d0                USBD_CDC_TransmitPacket
 .text.USBD_CDC_ReceivePacket
                0x0800a830       0x54 CMakeFiles/Studienarbeit_Kommunikation.dir/Middlewares/ST/STM32_USB_Device_Library/Class/CDC/Src/usbd_cdc.c.obj
                0x0800a830                USBD_CDC_ReceivePacket
 .text.Reset_Handler
                0x0800a884       0x50 CMakeFiles/Studienarbeit_Kommunikation.dir/startup_stm32g474xx.s.obj
                0x0800a884                Reset_Handler
 .text.Default_Handler
                0x0800a8d4        0x2 CMakeFiles/Studienarbeit_Kommunikation.dir/startup_stm32g474xx.s.obj
                0x0800a8d4                RTC_Alarm_IRQHandler
                0x0800a8d4                EXTI2_IRQHandler
                0x0800a8d4                TIM8_TRG_COM_IRQHandler
                0x0800a8d4                TIM8_CC_IRQHandler
                0x0800a8d4                HRTIM1_Master_IRQHandler
                0x0800a8d4                SPI4_IRQHandler
                0x0800a8d4                FDCAN3_IT0_IRQHandler
                0x0800a8d4                TIM1_CC_IRQHandler
                0x0800a8d4                HRTIM1_FLT_IRQHandler
                0x0800a8d4                HRTIM1_TIMF_IRQHandler
                0x0800a8d4                USB_HP_IRQHandler
                0x0800a8d4                CORDIC_IRQHandler
                0x0800a8d4                HRTIM1_TIMD_IRQHandler
                0x0800a8d4                DMA2_Channel8_IRQHandler
                0x0800a8d4                EXTI3_IRQHandler
                0x0800a8d4                I2C3_ER_IRQHandler
                0x0800a8d4                EXTI0_IRQHandler
                0x0800a8d4                I2C2_EV_IRQHandler
                0x0800a8d4                FPU_IRQHandler
                0x0800a8d4                FDCAN1_IT1_IRQHandler
                0x0800a8d4                TIM1_UP_TIM16_IRQHandler
                0x0800a8d4                ADC1_2_IRQHandler
                0x0800a8d4                HRTIM1_TIME_IRQHandler
                0x0800a8d4                SPI1_IRQHandler
                0x0800a8d4                HRTIM1_TIMC_IRQHandler
                0x0800a8d4                TIM8_UP_IRQHandler
                0x0800a8d4                DMA2_Channel2_IRQHandler
                0x0800a8d4                DMA1_Channel4_IRQHandler
                0x0800a8d4                TIM20_TRG_COM_IRQHandler
                0x0800a8d4                USART3_IRQHandler
                0x0800a8d4                DMA1_Channel7_IRQHandler
                0x0800a8d4                UART5_IRQHandler
                0x0800a8d4                ADC3_IRQHandler
                0x0800a8d4                TIM4_IRQHandler
                0x0800a8d4                DMA2_Channel1_IRQHandler
                0x0800a8d4                QUADSPI_IRQHandler
                0x0800a8d4                I2C1_EV_IRQHandler
                0x0800a8d4                DMA1_Channel6_IRQHandler
                0x0800a8d4                UART4_IRQHandler
                0x0800a8d4                DMA2_Channel4_IRQHandler
                0x0800a8d4                TIM3_IRQHandler
                0x0800a8d4                RCC_IRQHandler
                0x0800a8d4                TIM20_UP_IRQHandler
                0x0800a8d4                DMA1_Channel1_IRQHandler
                0x0800a8d4                Default_Handler
                0x0800a8d4                DMA2_Channel7_IRQHandler
                0x0800a8d4                RTC_TAMP_LSECSS_IRQHandler
                0x0800a8d4                FMAC_IRQHandler
                0x0800a8d4                EXTI15_10_IRQHandler
                0x0800a8d4                DMA1_Channel8_IRQHandler
                0x0800a8d4                HRTIM1_TIMA_IRQHandler
                0x0800a8d4                TIM7_DAC_IRQHandler
                0x0800a8d4                FDCAN3_IT1_IRQHandler
                0x0800a8d4                TIM5_IRQHandler
                0x0800a8d4                UCPD1_IRQHandler
                0x0800a8d4                I2C3_EV_IRQHandler
                0x0800a8d4                EXTI9_5_IRQHandler
                0x0800a8d4                RTC_WKUP_IRQHandler
                0x0800a8d4                PVD_PVM_IRQHandler
                0x0800a8d4                SPI2_IRQHandler
                0x0800a8d4                ADC5_IRQHandler
                0x0800a8d4                DMA2_Channel5_IRQHandler
                0x0800a8d4                CRS_IRQHandler
                0x0800a8d4                DMA1_Channel5_IRQHandler
                0x0800a8d4                EXTI4_IRQHandler
                0x0800a8d4                RNG_IRQHandler
                0x0800a8d4                HRTIM1_TIMB_IRQHandler
                0x0800a8d4                TIM1_TRG_COM_TIM17_IRQHandler
                0x0800a8d4                FDCAN2_IT1_IRQHandler
                0x0800a8d4                DMA1_Channel3_IRQHandler
                0x0800a8d4                ADC4_IRQHandler
                0x0800a8d4                WWDG_IRQHandler
                0x0800a8d4                I2C4_EV_IRQHandler
                0x0800a8d4                FDCAN2_IT0_IRQHandler
                0x0800a8d4                LPUART1_IRQHandler
                0x0800a8d4                DMA2_Channel6_IRQHandler
                0x0800a8d4                FDCAN1_IT0_IRQHandler
                0x0800a8d4                TIM2_IRQHandler
                0x0800a8d4                COMP7_IRQHandler
                0x0800a8d4                COMP1_2_3_IRQHandler
                0x0800a8d4                EXTI1_IRQHandler
                0x0800a8d4                COMP4_5_6_IRQHandler
                0x0800a8d4                TIM20_BRK_IRQHandler
                0x0800a8d4                I2C2_ER_IRQHandler
                0x0800a8d4                DMA1_Channel2_IRQHandler
                0x0800a8d4                TIM8_BRK_IRQHandler
                0x0800a8d4                FLASH_IRQHandler
                0x0800a8d4                TIM20_CC_IRQHandler
                0x0800a8d4                USART1_IRQHandler
                0x0800a8d4                SPI3_IRQHandler
                0x0800a8d4                I2C1_ER_IRQHandler
                0x0800a8d4                FMC_IRQHandler
                0x0800a8d4                LPTIM1_IRQHandler
                0x0800a8d4                DMAMUX_OVR_IRQHandler
                0x0800a8d4                I2C4_ER_IRQHandler
                0x0800a8d4                USBWakeUp_IRQHandler
                0x0800a8d4                SAI1_IRQHandler
                0x0800a8d4                DMA2_Channel3_IRQHandler
                0x0800a8d4                TIM1_BRK_TIM15_IRQHandler
 *fill*         0x0800a8d6        0x2 
 .text.MX_TIM6_Init
                0x0800a8d8       0x40 CMakeFiles/Studienarbeit_Kommunikation.dir/Core/Src/tim.c.obj
                0x0800a8d8                MX_TIM6_Init
 .text.HAL_TIM_Base_MspInit
                0x0800a918       0x4c CMakeFiles/Studienarbeit_Kommunikation.dir/Core/Src/tim.c.obj
                0x0800a918                HAL_TIM_Base_MspInit
 .text.HAL_TIM_Base_Init
                0x0800a964       0xae CMakeFiles/Studienarbeit_Kommunikation.dir/Drivers/STM32G4xx_HAL_Driver/Src/stm32g4xx_hal_tim.c.obj
                0x0800a964                HAL_TIM_Base_Init
 *fill*         0x0800aa12        0x2 
 .text.HAL_TIM_Base_Start_IT
                0x0800aa14       0xf0 CMakeFiles/Studienarbeit_Kommunikation.dir/Drivers/STM32G4xx_HAL_Driver/Src/stm32g4xx_hal_tim.c.obj
                0x0800aa14                HAL_TIM_Base_Start_IT
 .text.HAL_TIM_Base_Stop_IT
                0x0800ab04       0x60 CMakeFiles/Studienarbeit_Kommunikation.dir/Drivers/STM32G4xx_HAL_Driver/Src/stm32g4xx_hal_tim.c.obj
                0x0800ab04                HAL_TIM_Base_Stop_IT
 .text.HAL_TIM_IRQHandler
                0x0800ab64      0x29e CMakeFiles/Studienarbeit_Kommunikation.dir/Drivers/STM32G4xx_HAL_Driver/Src/stm32g4xx_hal_tim.c.obj
                0x0800ab64                HAL_TIM_IRQHandler
 .text.HAL_TIM_OC_DelayElapsedCallback
                0x0800ae02       0x14 CMakeFiles/Studienarbeit_Kommunikation.dir/Drivers/STM32G4xx_HAL_Driver/Src/stm32g4xx_hal_tim.c.obj
                0x0800ae02                HAL_TIM_OC_DelayElapsedCallback
 .text.HAL_TIM_IC_CaptureCallback
                0x0800ae16       0x14 CMakeFiles/Studienarbeit_Kommunikation.dir/Drivers/STM32G4xx_HAL_Driver/Src/stm32g4xx_hal_tim.c.obj
                0x0800ae16                HAL_TIM_IC_CaptureCallback
 .text.HAL_TIM_PWM_PulseFinishedCallback
                0x0800ae2a       0x14 CMakeFiles/Studienarbeit_Kommunikation.dir/Drivers/STM32G4xx_HAL_Driver/Src/stm32g4xx_hal_tim.c.obj
                0x0800ae2a                HAL_TIM_PWM_PulseFinishedCallback
 .text.HAL_TIM_TriggerCallback
                0x0800ae3e       0x14 CMakeFiles/Studienarbeit_Kommunikation.dir/Drivers/STM32G4xx_HAL_Driver/Src/stm32g4xx_hal_tim.c.obj
                0x0800ae3e                HAL_TIM_TriggerCallback
 *fill*         0x0800ae52        0x2 
 .text.TIM_Base_SetConfig
                0x0800ae54      0x15c CMakeFiles/Studienarbeit_Kommunikation.dir/Drivers/STM32G4xx_HAL_Driver/Src/stm32g4xx_hal_tim.c.obj
                0x0800ae54                TIM_Base_SetConfig
 .text.HAL_TIMEx_CommutCallback
                0x0800afb0       0x14 CMakeFiles/Studienarbeit_Kommunikation.dir/Drivers/STM32G4xx_HAL_Driver/Src/stm32g4xx_hal_tim_ex.c.obj
                0x0800afb0                HAL_TIMEx_CommutCallback
 .text.HAL_TIMEx_BreakCallback
                0x0800afc4       0x14 CMakeFiles/Studienarbeit_Kommunikation.dir/Drivers/STM32G4xx_HAL_Driver/Src/stm32g4xx_hal_tim_ex.c.obj
                0x0800afc4                HAL_TIMEx_BreakCallback
 .text.HAL_TIMEx_Break2Callback
                0x0800afd8       0x14 CMakeFiles/Studienarbeit_Kommunikation.dir/Drivers/STM32G4xx_HAL_Driver/Src/stm32g4xx_hal_tim_ex.c.obj
                0x0800afd8                HAL_TIMEx_Break2Callback
 .text.HAL_TIMEx_EncoderIndexCallback
                0x0800afec       0x14 CMakeFiles/Studienarbeit_Kommunikation.dir/Drivers/STM32G4xx_HAL_Driver/Src/stm32g4xx_hal_tim_ex.c.obj
                0x0800afec                HAL_TIMEx_EncoderIndexCallback
 .text.HAL_TIMEx_DirectionChangeCallback
                0x0800b000       0x14 CMakeFiles/Studienarbeit_Kommunikation.dir/Drivers/STM32G4xx_HAL_Driver/Src/stm32g4xx_hal_tim_ex.c.obj
                0x0800b000                HAL_TIMEx_DirectionChangeCallback
 .text.HAL_TIMEx_IndexErrorCallback
                0x0800b014       0x14 CMakeFiles/Studienarbeit_Kommunikation.dir/Drivers/STM32G4xx_HAL_Driver/Src/stm32g4xx_hal_tim_ex.c.obj
                0x0800b014                HAL_TIMEx_IndexErrorCallback
 .text.HAL_TIMEx_TransitionErrorCallback
                0x0800b028       0x14 CMakeFiles/Studienarbeit_Kommunikation.dir/Drivers/STM32G4xx_HAL_Driver/Src/stm32g4xx_hal_tim_ex.c.obj
                0x0800b028                HAL_TIMEx_TransitionErrorCallback
 .text.Modbus_CRC16
                0x0800b03c       0x5c CMakeFiles/Studienarbeit_Kommunikation.dir/Drivers/Modbus/modbus_rtu.c.obj
 .text.Modbus_Restart_RX
                0x0800b098       0x7c CMakeFiles/Studienarbeit_Kommunikation.dir/Drivers/Modbus/modbus_rtu.c.obj
 .text.Modbus_Init
                0x0800b114       0x42 CMakeFiles/Studienarbeit_Kommunikation.dir/Drivers/Modbus/modbus_rtu.c.obj
                0x0800b114                Modbus_Init
 .text.Modbus_Send
                0x0800b156       0x76 CMakeFiles/Studienarbeit_Kommunikation.dir/Drivers/Modbus/modbus_rtu.c.obj
 .text.Modbus_Master_Request
                0x0800b1cc       0xf2 CMakeFiles/Studienarbeit_Kommunikation.dir/Drivers/Modbus/modbus_rtu.c.obj
                0x0800b1cc                Modbus_Master_Request
 *fill*         0x0800b2be        0x2 
 .text.Modbus_Master_Process
                0x0800b2c0      0x208 CMakeFiles/Studienarbeit_Kommunikation.dir/Drivers/Modbus/modbus_rtu.c.obj
                0x0800b2c0                Modbus_Master_Process
 .text.Modbus_IRQHandler_RxCplt
                0x0800b4c8       0x58 CMakeFiles/Studienarbeit_Kommunikation.dir/Drivers/Modbus/modbus_rtu.c.obj
                0x0800b4c8                Modbus_IRQHandler_RxCplt
 .text.Modbus_IRQHandler_Timeout
                0x0800b520       0x2a CMakeFiles/Studienarbeit_Kommunikation.dir/Drivers/Modbus/modbus_rtu.c.obj
                0x0800b520                Modbus_IRQHandler_Timeout
 .text.Modbus_IRQHandler_Error
                0x0800b54a       0x38 CMakeFiles/Studienarbeit_Kommunikation.dir/Drivers/Modbus/modbus_rtu.c.obj
                0x0800b54a                Modbus_IRQHandler_Error
 .text.USB_Print
                0x0800b582       0x4a CMakeFiles/Studienarbeit_Kommunikation.dir/Drivers/Arbiter/system_arbiter.c.obj
 .text.OnMasterComplete
                0x0800b5cc      0x218 CMakeFiles/Studienarbeit_Kommunikation.dir/Drivers/Arbiter/system_arbiter.c.obj
 .text.OnMasterError
                0x0800b7e4      0x130 CMakeFiles/Studienarbeit_Kommunikation.dir/Drivers/Arbiter/system_arbiter.c.obj
 .text.Arbiter_Init
                0x0800b914       0x80 CMakeFiles/Studienarbeit_Kommunikation.dir/Drivers/Arbiter/system_arbiter.c.obj
                0x0800b914                Arbiter_Init
 .text.Arbiter_SetGlobalRunState
                0x0800b994       0x38 CMakeFiles/Studienarbeit_Kommunikation.dir/Drivers/Arbiter/system_arbiter.c.obj
                0x0800b994                Arbiter_SetGlobalRunState
 .text.Arbiter_GetGlobalRunState
                0x0800b9cc       0x18 CMakeFiles/Studienarbeit_Kommunikation.dir/Drivers/Arbiter/system_arbiter.c.obj
                0x0800b9cc                Arbiter_GetGlobalRunState
 .text.Arbiter_GetSystemMode
                0x0800b9e4       0x18 CMakeFiles/Studienarbeit_Kommunikation.dir/Drivers/Arbiter/system_arbiter.c.obj
                0x0800b9e4                Arbiter_GetSystemMode
 .text.Arbiter_TriggerWakeup
                0x0800b9fc       0x18 CMakeFiles/Studienarbeit_Kommunikation.dir/Drivers/Arbiter/system_arbiter.c.obj
                0x0800b9fc                Arbiter_TriggerWakeup
 .text.Arbiter_Process
                0x0800ba14      0x4c8 CMakeFiles/Studienarbeit_Kommunikation.dir/Drivers/Arbiter/system_arbiter.c.obj
                0x0800ba14                Arbiter_Process
 .text.snprintf
                0x0800bedc       0x6c E:/Programme/STI/STM32CubeCLT/STM32CubeCLT_1.20.0/GNU-tools-for-STM32/bin/../lib/gcc/arm-none-eabi/13.3.1/../../../../arm-none-eabi/lib/thumb/v7e-m+fp/hard\libg_nano.a(libc_a-snprintf.o)
                0x0800bedc                sniprintf
                0x0800bedc                snprintf
 .text.memset   0x0800bf48       0x10 E:/Programme/STI/STM32CubeCLT/STM32CubeCLT_1.20.0/GNU-tools-for-STM32/bin/../lib/gcc/arm-none-eabi/13.3.1/../../../../arm-none-eabi/lib/thumb/v7e-m+fp/hard\libg_nano.a(libc_a-memset.o)
                0x0800bf48                memset
 .text.__errno  0x0800bf58        0xc E:/Programme/STI/STM32CubeCLT/STM32CubeCLT_1.20.0/GNU-tools-for-STM32/bin/../lib/gcc/arm-none-eabi/13.3.1/../../../../arm-none-eabi/lib/thumb/v7e-m+fp/hard\libg_nano.a(libc_a-errno.o)
                0x0800bf58                __errno
 .text.__libc_init_array
                0x0800bf64       0x48 E:/Programme/STI/STM32CubeCLT/STM32CubeCLT_1.20.0/GNU-tools-for-STM32/bin/../lib/gcc/arm-none-eabi/13.3.1/../../../../arm-none-eabi/lib/thumb/v7e-m+fp/hard\libg_nano.a(libc_a-init.o)
                0x0800bf64                __libc_init_array
 .text.__retarget_lock_acquire_recursive
                0x0800bfac        0x2 E:/Programme/STI/STM32CubeCLT/STM32CubeCLT_1.20.0/GNU-tools-for-STM32/bin/../lib/gcc/arm-none-eabi/13.3.1/../../../../arm-none-eabi/lib/thumb/v7e-m+fp/hard\libg_nano.a(libc_a-lock.o)
                0x0800bfac                __retarget_lock_acquire_recursive
 .text.__retarget_lock_release_recursive
                0x0800bfae        0x2 E:/Programme/STI/STM32CubeCLT/STM32CubeCLT_1.20.0/GNU-tools-for-STM32/bin/../lib/gcc/arm-none-eabi/13.3.1/../../../../arm-none-eabi/lib/thumb/v7e-m+fp/hard\libg_nano.a(libc_a-lock.o)
                0x0800bfae                __retarget_lock_release_recursive
 .text._free_r  0x0800bfb0       0x94 E:/Programme/STI/STM32CubeCLT/STM32CubeCLT_1.20.0/GNU-tools-for-STM32/bin/../lib/gcc/arm-none-eabi/13.3.1/../../../../arm-none-eabi/lib/thumb/v7e-m+fp/hard\libg_nano.a(libc_a-freer.o)
                0x0800bfb0                _free_r
 .text.sbrk_aligned
                0x0800c044       0x44 E:/Programme/STI/STM32CubeCLT/STM32CubeCLT_1.20.0/GNU-tools-for-STM32/bin/../lib/gcc/arm-none-eabi/13.3.1/../../../../arm-none-eabi/lib/thumb/v7e-m+fp/hard\libg_nano.a(libc_a-mallocr.o)
 .text._malloc_r
                0x0800c088      0x100 E:/Programme/STI/STM32CubeCLT/STM32CubeCLT_1.20.0/GNU-tools-for-STM32/bin/../lib/gcc/arm-none-eabi/13.3.1/../../../../arm-none-eabi/lib/thumb/v7e-m+fp/hard\libg_nano.a(libc_a-mallocr.o)
                0x0800c088                _malloc_r
 .text.__malloc_lock
                0x0800c188        0xc E:/Programme/STI/STM32CubeCLT/STM32CubeCLT_1.20.0/GNU-tools-for-STM32/bin/../lib/gcc/arm-none-eabi/13.3.1/../../../../arm-none-eabi/lib/thumb/v7e-m+fp/hard\libg_nano.a(libc_a-mlock.o)
                0x0800c188                __malloc_lock
 .text.__malloc_unlock
                0x0800c194        0xc E:/Programme/STI/STM32CubeCLT/STM32CubeCLT_1.20.0/GNU-tools-for-STM32/bin/../lib/gcc/arm-none-eabi/13.3.1/../../../../arm-none-eabi/lib/thumb/v7e-m+fp/hard\libg_nano.a(libc_a-mlock.o)
                0x0800c194                __malloc_unlock
 .text.__ssputs_r
                0x0800c1a0       0xb6 E:/Programme/STI/STM32CubeCLT/STM32CubeCLT_1.20.0/GNU-tools-for-STM32/bin/../lib/gcc/arm-none-eabi/13.3.1/../../../../arm-none-eabi/lib/thumb/v7e-m+fp/hard\libg_nano.a(libc_a-nano-svfprintf.o)
                0x0800c1a0                __ssputs_r
 *fill*         0x0800c256        0x2 
 .text._svfprintf_r
                0x0800c258      0x1f8 E:/Programme/STI/STM32CubeCLT/STM32CubeCLT_1.20.0/GNU-tools-for-STM32/bin/../lib/gcc/arm-none-eabi/13.3.1/../../../../arm-none-eabi/lib/thumb/v7e-m+fp/hard\libg_nano.a(libc_a-nano-svfprintf.o)
                0x0800c258                _svfiprintf_r
                0x0800c258                _svfprintf_r
 .text._printf_common
                0x0800c450       0xda E:/Programme/STI/STM32CubeCLT/STM32CubeCLT_1.20.0/GNU-tools-for-STM32/bin/../lib/gcc/arm-none-eabi/13.3.1/../../../../arm-none-eabi/lib/thumb/v7e-m+fp/hard\libg_nano.a(libc_a-nano-vfprintf_i.o)
                0x0800c450                _printf_common
 *fill*         0x0800c52a        0x2 
 .text._printf_i
                0x0800c52c      0x23c E:/Programme/STI/STM32CubeCLT/STM32CubeCLT_1.20.0/GNU-tools-for-STM32/bin/../lib/gcc/arm-none-eabi/13.3.1/../../../../arm-none-eabi/lib/thumb/v7e-m+fp/hard\libg_nano.a(libc_a-nano-vfprintf_i.o)
                0x0800c52c                _printf_i
 .text.memmove  0x0800c768       0x34 E:/Programme/STI/STM32CubeCLT/STM32CubeCLT_1.20.0/GNU-tools-for-STM32/bin/../lib/gcc/arm-none-eabi/13.3.1/../../../../arm-none-eabi/lib/thumb/v7e-m+fp/hard\libg_nano.a(libc_a-memmove.o)
                0x0800c768                memmove
 .text._sbrk_r  0x0800c79c       0x20 E:/Programme/STI/STM32CubeCLT/STM32CubeCLT_1.20.0/GNU-tools-for-STM32/bin/../lib/gcc/arm-none-eabi/13.3.1/../../../../arm-none-eabi/lib/thumb/v7e-m+fp/hard\libg_nano.a(libc_a-sbrkr.o)
                0x0800c79c                _sbrk_r
 .text.memcpy   0x0800c7bc       0x1c E:/Programme/STI/STM32CubeCLT/STM32CubeCLT_1.20.0/GNU-tools-for-STM32/bin/../lib/gcc/arm-none-eabi/13.3.1/../../../../arm-none-eabi/lib/thumb/v7e-m+fp/hard\libg_nano.a(libc_a-memcpy-stub.o)
                0x0800c7bc                memcpy
 .text._realloc_r
                0x0800c7d8       0x5c E:/Programme/STI/STM32CubeCLT/STM32CubeCLT_1.20.0/GNU-tools-for-STM32/bin/../lib/gcc/arm-none-eabi/13.3.1/../../../../arm-none-eabi/lib/thumb/v7e-m+fp/hard\libg_nano.a(libc_a-reallocr.o)
                0x0800c7d8                _realloc_r
 .text._malloc_usable_size_r
                0x0800c834       0x10 E:/Programme/STI/STM32CubeCLT/STM32CubeCLT_1.20.0/GNU-tools-for-STM32/bin/../lib/gcc/arm-none-eabi/13.3.1/../../../../arm-none-eabi/lib/thumb/v7e-m+fp/hard\libg_nano.a(libc_a-msizer.o)
                0x0800c834                _malloc_usable_size_r
 *(.glue_7)
 .glue_7        0x0800c844        0x0 linker stubs
 *(.glue_7t)
 .glue_7t       0x0800c844        0x0 linker stubs
 *(.eh_frame)
 .eh_frame      0x0800c844        0x0 E:/Programme/STI/STM32CubeCLT/STM32CubeCLT_1.20.0/GNU-tools-for-STM32/bin/../lib/gcc/arm-none-eabi/13.3.1/thumb/v7e-m+fp/hard/crtbegin.o
 *(.init)
 .init          0x0800c844        0x4 E:/Programme/STI/STM32CubeCLT/STM32CubeCLT_1.20.0/GNU-tools-for-STM32/bin/../lib/gcc/arm-none-eabi/13.3.1/thumb/v7e-m+fp/hard/crti.o
                0x0800c844                _init
 .init          0x0800c848        0x8 E:/Programme/STI/STM32CubeCLT/STM32CubeCLT_1.20.0/GNU-tools-for-STM32/bin/../lib/gcc/arm-none-eabi/13.3.1/thumb/v7e-m+fp/hard/crtn.o
 *(.fini)
 .fini          0x0800c850        0x4 E:/Programme/STI/STM32CubeCLT/STM32CubeCLT_1.20.0/GNU-tools-for-STM32/bin/../lib/gcc/arm-none-eabi/13.3.1/thumb/v7e-m+fp/hard/crti.o
                0x0800c850                _fini
 .fini          0x0800c854        0x8 E:/Programme/STI/STM32CubeCLT/STM32CubeCLT_1.20.0/GNU-tools-for-STM32/bin/../lib/gcc/arm-none-eabi/13.3.1/thumb/v7e-m+fp/hard/crtn.o
                0x0800c85c                        . = ALIGN (0x4)
                0x0800c85c                        _etext = .

.vfp11_veneer   0x0800c85c        0x0
 .vfp11_veneer  0x0800c85c        0x0 linker stubs

.v4_bx          0x0800c85c        0x0
 .v4_bx         0x0800c85c        0x0 linker stubs

.iplt           0x0800c85c        0x0
 .iplt          0x0800c85c        0x0 E:/Programme/STI/STM32CubeCLT/STM32CubeCLT_1.20.0/GNU-tools-for-STM32/bin/../lib/gcc/arm-none-eabi/13.3.1/thumb/v7e-m+fp/hard/crtbegin.o

.rodata         0x0800c85c      0x528
                0x0800c85c                        . = ALIGN (0x4)
 *(.rodata)
 .rodata        0x0800c85c       0x46 CMakeFiles/Studienarbeit_Kommunikation.dir/USB_Device/App/usbd_desc.c.obj
 *fill*         0x0800c8a2        0x2 
 .rodata        0x0800c8a4      0x26c CMakeFiles/Studienarbeit_Kommunikation.dir/Drivers/Arbiter/system_arbiter.c.obj
 *(.rodata*)
 .rodata.AHBPrescTable
                0x0800cb10       0x10 CMakeFiles/Studienarbeit_Kommunikation.dir/Core/Src/system_stm32g4xx.c.obj
                0x0800cb10                AHBPrescTable
 .rodata.APBPrescTable
                0x0800cb20        0x8 CMakeFiles/Studienarbeit_Kommunikation.dir/Core/Src/system_stm32g4xx.c.obj
                0x0800cb20                APBPrescTable
 .rodata.UARTPrescTable
                0x0800cb28       0x18 CMakeFiles/Studienarbeit_Kommunikation.dir/Drivers/STM32G4xx_HAL_Driver/Src/stm32g4xx_hal_uart.c.obj
                0x0800cb28                UARTPrescTable
 .rodata.numerator.1
                0x0800cb40        0x8 CMakeFiles/Studienarbeit_Kommunikation.dir/Drivers/STM32G4xx_HAL_Driver/Src/stm32g4xx_hal_uart_ex.c.obj
 .rodata.denominator.0
                0x0800cb48        0x8 CMakeFiles/Studienarbeit_Kommunikation.dir/Drivers/STM32G4xx_HAL_Driver/Src/stm32g4xx_hal_uart_ex.c.obj
 .rodata.crc16_table
                0x0800cb50      0x200 CMakeFiles/Studienarbeit_Kommunikation.dir/Drivers/Modbus/modbus_rtu.c.obj
 .rodata._svfprintf_r.str1.1
                0x0800cd50       0x33 E:/Programme/STI/STM32CubeCLT/STM32CubeCLT_1.20.0/GNU-tools-for-STM32/bin/../lib/gcc/arm-none-eabi/13.3.1/../../../../arm-none-eabi/lib/thumb/v7e-m+fp/hard\libg_nano.a(libc_a-nano-svfprintf.o)
                                 0x11 (size before relaxing)
 .rodata._printf_i.str1.1
                0x0800cd83        0x0 E:/Programme/STI/STM32CubeCLT/STM32CubeCLT_1.20.0/GNU-tools-for-STM32/bin/../lib/gcc/arm-none-eabi/13.3.1/../../../../arm-none-eabi/lib/thumb/v7e-m+fp/hard\libg_nano.a(libc_a-nano-vfprintf_i.o)
                                 0x22 (size before relaxing)
                0x0800cd84                        . = ALIGN (0x4)
 *fill*         0x0800cd83        0x1 

.ARM.extab      0x0800cd84        0x0
                0x0800cd84                        . = ALIGN (0x4)
 *(.ARM.extab* .gnu.linkonce.armextab.*)
                0x0800cd84                        . = ALIGN (0x4)

.ARM            0x0800cd84        0x8
                0x0800cd84                        . = ALIGN (0x4)
                0x0800cd84                        __exidx_start = .
 *(.ARM.exidx*)
 .ARM.exidx     0x0800cd84        0x8 E:/Programme/STI/STM32CubeCLT/STM32CubeCLT_1.20.0/GNU-tools-for-STM32/bin/../lib/gcc/arm-none-eabi/13.3.1/thumb/v7e-m+fp/hard\libgcc.a(_udivmoddi4.o)
 .ARM.exidx     0x0800cd8c        0x0 E:/Programme/STI/STM32CubeCLT/STM32CubeCLT_1.20.0/GNU-tools-for-STM32/bin/../lib/gcc/arm-none-eabi/13.3.1/../../../../arm-none-eabi/lib/thumb/v7e-m+fp/hard\libg_nano.a(libc_a-strlen.o)
                                  0x8 (size before relaxing)
 .ARM.exidx     0x0800cd8c        0x0 E:/Programme/STI/STM32CubeCLT/STM32CubeCLT_1.20.0/GNU-tools-for-STM32/bin/../lib/gcc/arm-none-eabi/13.3.1/../../../../arm-none-eabi/lib/thumb/v7e-m+fp/hard\libg_nano.a(libc_a-memchr.o)
                                  0x8 (size before relaxing)
                0x0800cd8c                        __exidx_end = .
                0x0800cd8c                        . = ALIGN (0x4)

.preinit_array  0x0800cd8c        0x0
                0x0800cd8c                        . = ALIGN (0x4)
                0x0800cd8c                        PROVIDE (__preinit_array_start = .)
 *(.preinit_array*)
                0x0800cd8c                        PROVIDE (__preinit_array_end = .)
                0x0800cd8c                        . = ALIGN (0x4)

.init_array     0x0800cd8c        0x4
                0x0800cd8c                        . = ALIGN (0x4)
                0x0800cd8c                        PROVIDE (__init_array_start = .)
 *(SORT_BY_NAME(.init_array.*))
 *(.init_array*)
 .init_array    0x0800cd8c        0x4 E:/Programme/STI/STM32CubeCLT/STM32CubeCLT_1.20.0/GNU-tools-for-STM32/bin/../lib/gcc/arm-none-eabi/13.3.1/thumb/v7e-m+fp/hard/crtbegin.o
                0x0800cd90                        PROVIDE (__init_array_end = .)
                0x0800cd90                        . = ALIGN (0x4)

.fini_array     0x0800cd90        0x4
                0x0800cd90                        . = ALIGN (0x4)
                [!provide]                        PROVIDE (__fini_array_start = .)
 *(SORT_BY_NAME(.fini_array.*))
 *(.fini_array*)
 .fini_array    0x0800cd90        0x4 E:/Programme/STI/STM32CubeCLT/STM32CubeCLT_1.20.0/GNU-tools-for-STM32/bin/../lib/gcc/arm-none-eabi/13.3.1/thumb/v7e-m+fp/hard/crtbegin.o
                [!provide]                        PROVIDE (__fini_array_end = .)
                0x0800cd94                        . = ALIGN (0x4)
                0x0800cd94                        _sidata = LOADADDR (.data)

.rel.dyn        0x0800cd94        0x0
 .rel.iplt      0x0800cd94        0x0 E:/Programme/STI/STM32CubeCLT/STM32CubeCLT_1.20.0/GNU-tools-for-STM32/bin/../lib/gcc/arm-none-eabi/13.3.1/thumb/v7e-m+fp/hard/crtbegin.o

.data           0x20000000      0x1d4 load address 0x0800cd94
                0x20000000                        . = ALIGN (0x4)
                0x20000000                        _sdata = .
 *(.data)
 *(.data*)
 .data.SystemCoreClock
                0x20000000        0x4 CMakeFiles/Studienarbeit_Kommunikation.dir/Core/Src/system_stm32g4xx.c.obj
                0x20000000                SystemCoreClock
 .data.uwTickPrio
                0x20000004        0x4 CMakeFiles/Studienarbeit_Kommunikation.dir/Drivers/STM32G4xx_HAL_Driver/Src/stm32g4xx_hal.c.obj
                0x20000004                uwTickPrio
 .data.uwTickFreq
                0x20000008        0x4 CMakeFiles/Studienarbeit_Kommunikation.dir/Drivers/STM32G4xx_HAL_Driver/Src/stm32g4xx_hal.c.obj
                0x20000008                uwTickFreq
 .data.USBD_Interface_fops_FS
                0x2000000c       0x14 CMakeFiles/Studienarbeit_Kommunikation.dir/USB_Device/App/usbd_cdc_if.c.obj
                0x2000000c                USBD_Interface_fops_FS
 .data.CDC_Desc
                0x20000020       0x20 CMakeFiles/Studienarbeit_Kommunikation.dir/USB_Device/App/usbd_desc.c.obj
                0x20000020                CDC_Desc
 .data.USBD_CDC_DeviceDesc
                0x20000040       0x12 CMakeFiles/Studienarbeit_Kommunikation.dir/USB_Device/App/usbd_desc.c.obj
                0x20000040                USBD_CDC_DeviceDesc
 *fill*         0x20000052        0x2 
 .data.USBD_LangIDDesc
                0x20000054        0x4 CMakeFiles/Studienarbeit_Kommunikation.dir/USB_Device/App/usbd_desc.c.obj
                0x20000054                USBD_LangIDDesc
 .data.USBD_StringSerial
                0x20000058       0x1a CMakeFiles/Studienarbeit_Kommunikation.dir/USB_Device/App/usbd_desc.c.obj
                0x20000058                USBD_StringSerial
 *fill*         0x20000072        0x2 
 .data.USBD_CDC_DeviceQualifierDesc
                0x20000074        0xa CMakeFiles/Studienarbeit_Kommunikation.dir/Middlewares/ST/STM32_USB_Device_Library/Class/CDC/Src/usbd_cdc.c.obj
 *fill*         0x2000007e        0x2 
 .data.USBD_CDC
                0x20000080       0x38 CMakeFiles/Studienarbeit_Kommunikation.dir/Middlewares/ST/STM32_USB_Device_Library/Class/CDC/Src/usbd_cdc.c.obj
                0x20000080                USBD_CDC
 .data.USBD_CDC_CfgHSDesc
                0x200000b8       0x43 CMakeFiles/Studienarbeit_Kommunikation.dir/Middlewares/ST/STM32_USB_Device_Library/Class/CDC/Src/usbd_cdc.c.obj
 *fill*         0x200000fb        0x1 
 .data.USBD_CDC_CfgFSDesc
                0x200000fc       0x43 CMakeFiles/Studienarbeit_Kommunikation.dir/Middlewares/ST/STM32_USB_Device_Library/Class/CDC/Src/usbd_cdc.c.obj
 *fill*         0x2000013f        0x1 
 .data.USBD_CDC_OtherSpeedCfgDesc
                0x20000140       0x43 CMakeFiles/Studienarbeit_Kommunikation.dir/Middlewares/ST/STM32_USB_Device_Library/Class/CDC/Src/usbd_cdc.c.obj
 .data.discovery_current_id
                0x20000183        0x1 CMakeFiles/Studienarbeit_Kommunikation.dir/Drivers/Arbiter/system_arbiter.c.obj
 .data._impure_ptr
                0x20000184        0x4 E:/Programme/STI/STM32CubeCLT/STM32CubeCLT_1.20.0/GNU-tools-for-STM32/bin/../lib/gcc/arm-none-eabi/13.3.1/../../../../arm-none-eabi/lib/thumb/v7e-m+fp/hard\libg_nano.a(libc_a-impure.o)
                0x20000184                _impure_ptr
 .data._impure_data
                0x20000188       0x4c E:/Programme/STI/STM32CubeCLT/STM32CubeCLT_1.20.0/GNU-tools-for-STM32/bin/../lib/gcc/arm-none-eabi/13.3.1/../../../../arm-none-eabi/lib/thumb/v7e-m+fp/hard\libg_nano.a(libc_a-impure.o)
                0x20000188                _impure_data
 *(.RamFunc)
 *(.RamFunc*)
                0x200001d4                        . = ALIGN (0x4)

.igot.plt       0x200001d4        0x0 load address 0x0800cf68
 .igot.plt      0x200001d4        0x0 E:/Programme/STI/STM32CubeCLT/STM32CubeCLT_1.20.0/GNU-tools-for-STM32/bin/../lib/gcc/arm-none-eabi/13.3.1/thumb/v7e-m+fp/hard/crtbegin.o

.tdata          0x200001d4        0x0 load address 0x0800cf68
 *(.tdata .tdata.* .gnu.linkonce.td.*)
                0x200001d4                        . = ALIGN (0x4)
                0x200001d4                        _edata = .
                [!provide]                        PROVIDE (__data_end = .)
                [!provide]                        PROVIDE (__tdata_end = .)
                [!provide]                        PROVIDE (__tdata_start = ADDR (.tdata))
                [!provide]                        PROVIDE (__tdata_size = (__tdata_end - __tdata_start))
                [!provide]                        PROVIDE (__data_start = ADDR (.data))
                [!provide]                        PROVIDE (__data_size = (__data_end - __data_start))
                [!provide]                        PROVIDE (__tdata_source = LOADADDR (.tdata))
                [!provide]                        PROVIDE (__tdata_source_end = (LOADADDR (.tdata) + SIZEOF (.tdata)))
                [!provide]                        PROVIDE (__tdata_source_size = (__tdata_source_end - __tdata_source))
                [!provide]                        PROVIDE (__data_source = LOADADDR (.data))
                [!provide]                        PROVIDE (__data_source_end = __tdata_source_end)
                [!provide]                        PROVIDE (__data_source_size = (__data_source_end - __data_source))

.tbss           0x200001d4        0x0 load address 0x0800cf68
                0x200001d4                        _sbss = .
                0x200001d4                        __bss_start__ = _sbss
 *(.tbss .tbss.*)
                0x200001d4                        . = ALIGN (0x4)
                [!provide]                        PROVIDE (__tbss_end = .)
                [!provide]                        PROVIDE (__tbss_start = ADDR (.tbss))
                [!provide]                        PROVIDE (__tbss_size = (__tbss_end - __tbss_start))
                [!provide]                        PROVIDE (__tbss_offset = (ADDR (.tbss) - ADDR (.tdata)))
                [!provide]                        PROVIDE (__tls_base = __tdata_start)
                [!provide]                        PROVIDE (__tls_end = __tbss_end)
                [!provide]                        PROVIDE (__tls_size = (__tls_end - __tls_base))
                [!provide]                        PROVIDE (__tls_align = MAX (ALIGNOF (.tdata), ALIGNOF (.tbss)))
                [!provide]                        PROVIDE (__tls_size_align = (((__tls_size + __tls_align) - 0x1) & ~ ((__tls_align - 0x1))))
                [!provide]                        PROVIDE (__arm32_tls_tcb_offset = MAX (0x8, __tls_align))
                [!provide]                        PROVIDE (__arm64_tls_tcb_offset = MAX (0x10, __tls_align))

.bss            0x200001d4     0x1fc4 load address 0x0800cf68
 *(.bss)
 .bss           0x200001d4       0x1c E:/Programme/STI/STM32CubeCLT/STM32CubeCLT_1.20.0/GNU-tools-for-STM32/bin/../lib/gcc/arm-none-eabi/13.3.1/thumb/v7e-m+fp/hard/crtbegin.o
 *(.bss*)
 .bss.last_btn_tick
                0x200001f0        0x4 CMakeFiles/Studienarbeit_Kommunikation.dir/Core/Src/main_master.c.obj
                0x200001f0                last_btn_tick
 .bss.led_blink_tick
                0x200001f4        0x4 CMakeFiles/Studienarbeit_Kommunikation.dir/Core/Src/main_master.c.obj
                0x200001f4                led_blink_tick
 .bss.led_state
                0x200001f8        0x1 CMakeFiles/Studienarbeit_Kommunikation.dir/Core/Src/main_master.c.obj
                0x200001f8                led_state
 *fill*         0x200001f9        0x3 
 .bss.hi2c2     0x200001fc       0x54 CMakeFiles/Studienarbeit_Kommunikation.dir/Core/Src/i2c.c.obj
                0x200001fc                hi2c2
 .bss.huart2    0x20000250       0x94 CMakeFiles/Studienarbeit_Kommunikation.dir/Core/Src/usart.c.obj
                0x20000250                huart2
 .bss.__sbrk_heap_end
                0x200002e4        0x4 CMakeFiles/Studienarbeit_Kommunikation.dir/Core/Src/sysmem.c.obj
 .bss.uwTick    0x200002e8        0x4 CMakeFiles/Studienarbeit_Kommunikation.dir/Drivers/STM32G4xx_HAL_Driver/Src/stm32g4xx_hal.c.obj
                0x200002e8                uwTick
 .bss.hUsbDeviceFS
                0x200002ec      0x2d0 CMakeFiles/Studienarbeit_Kommunikation.dir/USB_Device/App/usb_device.c.obj
                0x200002ec                hUsbDeviceFS
 .bss.UserRxBufferFS
                0x200005bc      0x800 CMakeFiles/Studienarbeit_Kommunikation.dir/USB_Device/App/usbd_cdc_if.c.obj
                0x200005bc                UserRxBufferFS
 .bss.UserTxBufferFS
                0x20000dbc      0x800 CMakeFiles/Studienarbeit_Kommunikation.dir/USB_Device/App/usbd_cdc_if.c.obj
                0x20000dbc                UserTxBufferFS
 .bss.USBD_StrDesc
                0x200015bc      0x200 CMakeFiles/Studienarbeit_Kommunikation.dir/USB_Device/App/usbd_desc.c.obj
                0x200015bc                USBD_StrDesc
 .bss.hpcd_USB_FS
                0x200017bc      0x2dc CMakeFiles/Studienarbeit_Kommunikation.dir/USB_Device/Target/usbd_conf.c.obj
                0x200017bc                hpcd_USB_FS
 .bss.mem.0     0x20001a98      0x220 CMakeFiles/Studienarbeit_Kommunikation.dir/USB_Device/Target/usbd_conf.c.obj
 .bss.cfgidx.0  0x20001cb8        0x1 CMakeFiles/Studienarbeit_Kommunikation.dir/Middlewares/ST/STM32_USB_Device_Library/Core/Src/usbd_ctlreq.c.obj
 *fill*         0x20001cb9        0x3 
 .bss.htim6     0x20001cbc       0x4c CMakeFiles/Studienarbeit_Kommunikation.dir/Core/Src/tim.c.obj
                0x20001cbc                htim6
 .bss.itm_buf   0x20001d08       0x80 CMakeFiles/Studienarbeit_Kommunikation.dir/Drivers/Arbiter/system_arbiter.c.obj
 .bss.hmodbus   0x20001d88      0x240 CMakeFiles/Studienarbeit_Kommunikation.dir/Drivers/Arbiter/system_arbiter.c.obj
                0x20001d88                hmodbus
 .bss.register_map
                0x20001fc8       0x28 CMakeFiles/Studienarbeit_Kommunikation.dir/Drivers/Arbiter/system_arbiter.c.obj
                0x20001fc8                register_map
 .bss.slave_states
                0x20001ff0       0x3c CMakeFiles/Studienarbeit_Kommunikation.dir/Drivers/Arbiter/system_arbiter.c.obj
 .bss.active_slaves
                0x2000202c        0xa CMakeFiles/Studienarbeit_Kommunikation.dir/Drivers/Arbiter/system_arbiter.c.obj
 .bss.slave_count
                0x20002036        0x1 CMakeFiles/Studienarbeit_Kommunikation.dir/Drivers/Arbiter/system_arbiter.c.obj
 .bss.current_state
                0x20002037        0x1 CMakeFiles/Studienarbeit_Kommunikation.dir/Drivers/Arbiter/system_arbiter.c.obj
 .bss.target_idx
                0x20002038        0x1 CMakeFiles/Studienarbeit_Kommunikation.dir/Drivers/Arbiter/system_arbiter.c.obj
 *fill*         0x20002039        0x3 
 .bss.delay_tick
                0x2000203c        0x4 CMakeFiles/Studienarbeit_Kommunikation.dir/Drivers/Arbiter/system_arbiter.c.obj
 .bss.global_allowed_mode
                0x20002040        0x2 CMakeFiles/Studienarbeit_Kommunikation.dir/Drivers/Arbiter/system_arbiter.c.obj
 .bss.system_run_enabled
                0x20002042        0x1 CMakeFiles/Studienarbeit_Kommunikation.dir/Drivers/Arbiter/system_arbiter.c.obj
 .bss.wakeup_requested
                0x20002043        0x1 CMakeFiles/Studienarbeit_Kommunikation.dir/Drivers/Arbiter/system_arbiter.c.obj
 .bss.discovery_waiting
                0x20002044        0x1 CMakeFiles/Studienarbeit_Kommunikation.dir/Drivers/Arbiter/system_arbiter.c.obj
 *fill*         0x20002045        0x3 
 .bss.discovery_send_tick
                0x20002048        0x4 CMakeFiles/Studienarbeit_Kommunikation.dir/Drivers/Arbiter/system_arbiter.c.obj
 .bss.polling_error_count
                0x2000204c        0x1 CMakeFiles/Studienarbeit_Kommunikation.dir/Drivers/Arbiter/system_arbiter.c.obj
 *fill*         0x2000204d        0x3 
 .bss.__sf      0x20002050      0x138 E:/Programme/STI/STM32CubeCLT/STM32CubeCLT_1.20.0/GNU-tools-for-STM32/bin/../lib/gcc/arm-none-eabi/13.3.1/../../../../arm-none-eabi/lib/thumb/v7e-m+fp/hard\libg_nano.a(libc_a-findfp.o)
                0x20002050                __sf
 .bss.errno     0x20002188        0x4 E:/Programme/STI/STM32CubeCLT/STM32CubeCLT_1.20.0/GNU-tools-for-STM32/bin/../lib/gcc/arm-none-eabi/13.3.1/../../../../arm-none-eabi/lib/thumb/v7e-m+fp/hard\libg_nano.a(libc_a-reent.o)
                0x20002188                errno
 .bss.__lock___malloc_recursive_mutex
                0x2000218c        0x1 E:/Programme/STI/STM32CubeCLT/STM32CubeCLT_1.20.0/GNU-tools-for-STM32/bin/../lib/gcc/arm-none-eabi/13.3.1/../../../../arm-none-eabi/lib/thumb/v7e-m+fp/hard\libg_nano.a(libc_a-lock.o)
                0x2000218c                __lock___malloc_recursive_mutex
 *fill*         0x2000218d        0x3 
 .bss.__malloc_sbrk_start
                0x20002190        0x4 E:/Programme/STI/STM32CubeCLT/STM32CubeCLT_1.20.0/GNU-tools-for-STM32/bin/../lib/gcc/arm-none-eabi/13.3.1/../../../../arm-none-eabi/lib/thumb/v7e-m+fp/hard\libg_nano.a(libc_a-mallocr.o)
                0x20002190                __malloc_sbrk_start
 .bss.__malloc_free_list
                0x20002194        0x4 E:/Programme/STI/STM32CubeCLT/STM32CubeCLT_1.20.0/GNU-tools-for-STM32/bin/../lib/gcc/arm-none-eabi/13.3.1/../../../../arm-none-eabi/lib/thumb/v7e-m+fp/hard\libg_nano.a(libc_a-mallocr.o)
                0x20002194                __malloc_free_list
 *(COMMON)
                0x20002198                        . = ALIGN (0x4)
                0x20002198                        _ebss = .
                0x20002198                        __bss_end__ = _ebss
                [!provide]                        PROVIDE (__bss_end = .)
                [!provide]                        PROVIDE (__non_tls_bss_start = ADDR (.bss))
                [!provide]                        PROVIDE (__bss_start = __tbss_start)
                [!provide]                        PROVIDE (__bss_size = (__bss_end - __bss_start))

._user_heap_stack
                0x20002198      0x600 load address 0x0800cf68
                0x20002198                        . = ALIGN (0x8)
                [!provide]                        PROVIDE (end = .)
                0x20002198                        PROVIDE (_end = .)
                0x20002398                        . = (. + _Min_Heap_Size)
 *fill*         0x20002198      0x200 
                0x20002798                        . = (. + _Min_Stack_Size)
 *fill*         0x20002398      0x400 
                0x20002798                        . = ALIGN (0x8)

/DISCARD/
 libc.a:*(*)
 libm.a:*(*)
 libgcc.a:*(*)
OUTPUT(Studienarbeit_Kommunikation.elf elf32-littlearm)
LOAD linker stubs

.ARM.attributes
                0x00000000       0x30
 .ARM.attributes
                0x00000000       0x22 E:/Programme/STI/STM32CubeCLT/STM32CubeCLT_1.20.0/GNU-tools-for-STM32/bin/../lib/gcc/arm-none-eabi/13.3.1/thumb/v7e-m+fp/hard/crti.o
 .ARM.attributes
                0x00000022       0x34 E:/Programme/STI/STM32CubeCLT/STM32CubeCLT_1.20.0/GNU-tools-for-STM32/bin/../lib/gcc/arm-none-eabi/13.3.1/thumb/v7e-m+fp/hard/crtbegin.o
 .ARM.attributes
                0x00000056       0x34 CMakeFiles/Studienarbeit_Kommunikation.dir/Core/Src/main_master.c.obj
 .ARM.attributes
                0x0000008a       0x34 CMakeFiles/Studienarbeit_Kommunikation.dir/Core/Src/gpio.c.obj
 .ARM.attributes
                0x000000be       0x34 CMakeFiles/Studienarbeit_Kommunikation.dir/Core/Src/i2c.c.obj
 .ARM.attributes
                0x000000f2       0x34 CMakeFiles/Studienarbeit_Kommunikation.dir/Core/Src/usart.c.obj
 .ARM.attributes
                0x00000126       0x34 CMakeFiles/Studienarbeit_Kommunikation.dir/Core/Src/stm32g4xx_it.c.obj
 .ARM.attributes
                0x0000015a       0x34 CMakeFiles/Studienarbeit_Kommunikation.dir/Core/Src/stm32g4xx_hal_msp.c.obj
 .ARM.attributes
                0x0000018e       0x34 CMakeFiles/Studienarbeit_Kommunikation.dir/Core/Src/sysmem.c.obj
 .ARM.attributes
                0x000001c2       0x34 CMakeFiles/Studienarbeit_Kommunikation.dir/Core/Src/system_stm32g4xx.c.obj
 .ARM.attributes